Component: ARM Compiler 5.06 update 7 (build 960) Tool: armlink [4d3601]

==============================================================================

Section Cross References

    event_groups.o(i.vEventGroupClearBitsCallback) refers to event_groups.o(i.xEventGroupClearBits) for xEventGroupClearBits
    event_groups.o(i.vEventGroupDelete) refers to tasks.o(i.vTaskSuspendAll) for vTaskSuspendAll
    event_groups.o(i.vEventGroupDelete) refers to tasks.o(i.vTaskRemoveFromUnorderedEventList) for vTaskRemoveFromUnorderedEventList
    event_groups.o(i.vEventGroupDelete) refers to heap_4.o(i.vPortFree) for vPortFree
    event_groups.o(i.vEventGroupDelete) refers to tasks.o(i.xTaskResumeAll) for xTaskResumeAll
    event_groups.o(i.vEventGroupSetBitsCallback) refers to event_groups.o(i.xEventGroupSetBits) for xEventGroupSetBits
    event_groups.o(i.xEventGroupClearBits) refers to port.o(i.vPortEnterCritical) for vPortEnterCritical
    event_groups.o(i.xEventGroupClearBits) refers to port.o(i.vPortExitCritical) for vPortExitCritical
    event_groups.o(i.xEventGroupCreate) refers to heap_4.o(i.pvPortMalloc) for pvPortMalloc
    event_groups.o(i.xEventGroupCreate) refers to list.o(i.vListInitialise) for vListInitialise
    event_groups.o(i.xEventGroupSetBits) refers to tasks.o(i.vTaskSuspendAll) for vTaskSuspendAll
    event_groups.o(i.xEventGroupSetBits) refers to tasks.o(i.vTaskRemoveFromUnorderedEventList) for vTaskRemoveFromUnorderedEventList
    event_groups.o(i.xEventGroupSetBits) refers to tasks.o(i.xTaskResumeAll) for xTaskResumeAll
    event_groups.o(i.xEventGroupSync) refers to tasks.o(i.vTaskSuspendAll) for vTaskSuspendAll
    event_groups.o(i.xEventGroupSync) refers to event_groups.o(i.xEventGroupSetBits) for xEventGroupSetBits
    event_groups.o(i.xEventGroupSync) refers to tasks.o(i.vTaskPlaceOnUnorderedEventList) for vTaskPlaceOnUnorderedEventList
    event_groups.o(i.xEventGroupSync) refers to tasks.o(i.xTaskResumeAll) for xTaskResumeAll
    event_groups.o(i.xEventGroupSync) refers to tasks.o(i.uxTaskResetEventItemValue) for uxTaskResetEventItemValue
    event_groups.o(i.xEventGroupSync) refers to port.o(i.vPortEnterCritical) for vPortEnterCritical
    event_groups.o(i.xEventGroupSync) refers to port.o(i.vPortExitCritical) for vPortExitCritical
    event_groups.o(i.xEventGroupWaitBits) refers to tasks.o(i.vTaskSuspendAll) for vTaskSuspendAll
    event_groups.o(i.xEventGroupWaitBits) refers to event_groups.o(i.prvTestWaitCondition) for prvTestWaitCondition
    event_groups.o(i.xEventGroupWaitBits) refers to tasks.o(i.vTaskPlaceOnUnorderedEventList) for vTaskPlaceOnUnorderedEventList
    event_groups.o(i.xEventGroupWaitBits) refers to tasks.o(i.xTaskResumeAll) for xTaskResumeAll
    event_groups.o(i.xEventGroupWaitBits) refers to tasks.o(i.uxTaskResetEventItemValue) for uxTaskResetEventItemValue
    event_groups.o(i.xEventGroupWaitBits) refers to port.o(i.vPortEnterCritical) for vPortEnterCritical
    event_groups.o(i.xEventGroupWaitBits) refers to port.o(i.vPortExitCritical) for vPortExitCritical
    queue.o(i.prvCopyDataFromQueue) refers to memcpya.o(.text) for __aeabi_memcpy
    queue.o(i.prvCopyDataToQueue) refers to memcpya.o(.text) for __aeabi_memcpy
    queue.o(i.prvCopyDataToQueue) refers to tasks.o(i.xTaskPriorityDisinherit) for xTaskPriorityDisinherit
    queue.o(i.prvInitialiseMutex) refers to queue.o(i.xQueueGenericSend) for xQueueGenericSend
    queue.o(i.prvInitialiseNewQueue) refers to queue.o(i.xQueueGenericReset) for xQueueGenericReset
    queue.o(i.prvIsQueueEmpty) refers to port.o(i.vPortEnterCritical) for vPortEnterCritical
    queue.o(i.prvIsQueueEmpty) refers to port.o(i.vPortExitCritical) for vPortExitCritical
    queue.o(i.prvIsQueueFull) refers to port.o(i.vPortEnterCritical) for vPortEnterCritical
    queue.o(i.prvIsQueueFull) refers to port.o(i.vPortExitCritical) for vPortExitCritical
    queue.o(i.prvUnlockQueue) refers to port.o(i.vPortEnterCritical) for vPortEnterCritical
    queue.o(i.prvUnlockQueue) refers to tasks.o(i.xTaskRemoveFromEventList) for xTaskRemoveFromEventList
    queue.o(i.prvUnlockQueue) refers to tasks.o(i.vTaskMissedYield) for vTaskMissedYield
    queue.o(i.prvUnlockQueue) refers to port.o(i.vPortExitCritical) for vPortExitCritical
    queue.o(i.uxQueueMessagesWaiting) refers to port.o(i.vPortEnterCritical) for vPortEnterCritical
    queue.o(i.uxQueueMessagesWaiting) refers to port.o(i.vPortExitCritical) for vPortExitCritical
    queue.o(i.uxQueueSpacesAvailable) refers to port.o(i.vPortEnterCritical) for vPortEnterCritical
    queue.o(i.uxQueueSpacesAvailable) refers to port.o(i.vPortExitCritical) for vPortExitCritical
    queue.o(i.vQueueDelete) refers to heap_4.o(i.vPortFree) for vPortFree
    queue.o(i.xQueueCreateMutex) refers to queue.o(i.xQueueGenericCreate) for xQueueGenericCreate
    queue.o(i.xQueueCreateMutex) refers to queue.o(i.prvInitialiseMutex) for prvInitialiseMutex
[...]
    _printf_pre_padding                      0x08003c25   Thumb Code    46  printfa.o(i._printf_pre_padding)
    i.asin                                   0x08003c54   Section        0  asin.o(i.asin)
    i.atan                                   0x08003ec4   Section        0  atan.o(i.atan)
    i.atan2                                  0x080040e4   Section        0  atan2.o(i.atan2)
    i.cosf                                   0x08004280   Section        0  cosf.o(i.cosf)
    i.ctrl                                   0x080043fc   Section        0  system.o(i.ctrl)
    i.fputc                                  0x08004440   Section        0  main.o(i.fputc)
    i.invSqrt                                0x0800445c   Section        0  imu.o(i.invSqrt)
    invSqrt                                  0x0800445d   Thumb Code    50  imu.o(i.invSqrt)
    i.led_task                               0x08004494   Section        0  led.o(i.led_task)
    i.main                                   0x08004580   Section        0  main.o(i.main)
    i.prvAddCurrentTaskToDelayedList         0x080045ac   Section        0  tasks.o(i.prvAddCurrentTaskToDelayedList)
    prvAddCurrentTaskToDelayedList           0x080045ad   Thumb Code   104  tasks.o(i.prvAddCurrentTaskToDelayedList)
    i.prvAddNewTaskToReadyList               0x0800461c   Section        0  tasks.o(i.prvAddNewTaskToReadyList)
    prvAddNewTaskToReadyList                 0x0800461d   Thumb Code   124  tasks.o(i.prvAddNewTaskToReadyList)
    i.prvCheckTasksWaitingTermination        0x080046a4   Section        0  tasks.o(i.prvCheckTasksWaitingTermination)
    prvCheckTasksWaitingTermination          0x080046a5   Thumb Code    52  tasks.o(i.prvCheckTasksWaitingTermination)
    i.prvDeleteTCB                           0x080046e0   Section        0  tasks.o(i.prvDeleteTCB)
    prvDeleteTCB                             0x080046e1   Thumb Code    20  tasks.o(i.prvDeleteTCB)
    i.prvHeapInit                            0x080046f4   Section        0  heap_4.o(i.prvHeapInit)
    prvHeapInit                              0x080046f5   Thumb Code    68  heap_4.o(i.prvHeapInit)
    i.prvIdleTask                            0x08004740   Section        0  tasks.o(i.prvIdleTask)
    prvIdleTask                              0x08004741   Thumb Code    30  tasks.o(i.prvIdleTask)
    i.prvInitialiseNewTask                   0x08004768   Section        0  tasks.o(i.prvInitialiseNewTask)
    prvInitialiseNewTask                     0x08004769   Thumb Code   126  tasks.o(i.prvInitialiseNewTask)
    i.prvInitialiseTaskLists                 0x080047e8   Section        0  tasks.o(i.prvInitialiseTaskLists)
    prvInitialiseTaskLists                   0x080047e9   Thumb Code    78  tasks.o(i.prvInitialiseTaskLists)
    i.prvInsertBlockIntoFreeList             0x08004840   Section        0  heap_4.o(i.prvInsertBlockIntoFreeList)
    prvInsertBlockIntoFreeList               0x08004841   Thumb Code    78  heap_4.o(i.prvInsertBlockIntoFreeList)
    i.prvResetNextTaskUnblockTime            0x08004894   Section        0  tasks.o(i.prvResetNextTaskUnblockTime)
    prvResetNextTaskUnblockTime              0x08004895   Thumb Code    28  tasks.o(i.prvResetNextTaskUnblockTime)
    i.prvTaskExitError                       0x080048b4   Section        0  port.o(i.prvTaskExitError)
    prvTaskExitError                         0x080048b5   Thumb Code    16  port.o(i.prvTaskExitError)
    i.pvPortMalloc                           0x080048c4   Section        0  heap_4.o(i.pvPortMalloc)
    i.pxPortInitialiseStack                  0x08004978   Section        0  port.o(i.pxPortInitialiseStack)
    i.sliding_average_filter                 0x08004994   Section        0  filter.o(i.sliding_average_filter)
    i.sqrt                                   0x08004acc   Section        0  sqrt.o(i.sqrt)
    i.tanf                                   0x08004b18   Section        0  tanf.o(i.tanf)
    i.task_creat_list                        0x08004c8c   Section        0  system.o(i.task_creat_list)
    task_creat_list                          0x08004c8d   Thumb Code    72  system.o(i.task_creat_list)
    i.uxListRemove                           0x08004cf8   Section        0  list.o(i.uxListRemove)
    i.vListInitialise                        0x08004d1e   Section        0  list.o(i.vListInitialise)
    i.vListInitialiseItem                    0x08004d34   Section        0  list.o(i.vListInitialiseItem)
    i.vListInsert                            0x08004d3a   Section        0  list.o(i.vListInsert)
    i.vListInsertEnd                         0x08004d6a   Section        0  list.o(i.vListInsertEnd)
    i.vPortEnterCritical                     0x08004d84   Section        0  port.o(i.vPortEnterCritical)
    i.vPortExitCritical                      0x08004da0   Section        0  port.o(i.vPortExitCritical)
    i.vPortFree                              0x08004db8   Section        0  heap_4.o(i.vPortFree)
    i.vPortSetupTimerInterrupt               0x08004dfc   Section        0  port.o(i.vPortSetupTimerInterrupt)
    i.vTaskDelete                            0x08004e14   Section        0  tasks.o(i.vTaskDelete)
    i.vTaskStartScheduler                    0x08004eac   Section        0  tasks.o(i.vTaskStartScheduler)
    i.vTaskSuspendAll                        0x08004efc   Section        0  tasks.o(i.vTaskSuspendAll)
    i.vTaskSwitchContext                     0x08004f0c   Section        0  tasks.o(i.vTaskSwitchContext)
    i.xInit_Kalman                           0x08004f54   Section        0  kalman.o(i.xInit_Kalman)
    i.xPortStartScheduler                    0x08004fac   Section        0  port.o(i.xPortStartScheduler)
    i.xTaskCreate                            0x08004fdc   Section        0  tasks.o(i.xTaskCreate)
    i.xTaskDelayUntil                        0x0800503c   Section        0  tasks.o(i.xTaskDelayUntil)
    i.xTaskGetTickCount                      0x08005098   Section        0  tasks.o(i.xTaskGetTickCount)
    i.xTaskIncrementTick                     0x080050a4   Section        0  tasks.o(i.xTaskIncrementTick)
    i.xTaskResumeAll                         0x0800515c   Section        0  tasks.o(i.xTaskResumeAll)
    i.xgetAngle                              0x08005210   Section        0  kalman.o(i.xgetAngle)
    i.yInit_Kalman                           0x080053e4   Section        0  kalman.o(i.yInit_Kalman)
    i.ygetAngle                              0x08005440   Section        0  kalman.o(i.ygetAngle)
    i.zInit_Kalman                           0x08005618   Section        0  kalman.o(i.zInit_Kalman)
    .constdata                               0x08005674   Section       33  system.o(.constdata)
    high_frequent_task_list                  0x08005674   Data          11  system.o(.constdata)
    mid_frequent_task_list                   0x0800567f   Data          11  system.o(.constdata)
    low_frequent_task_list                   0x0800568a   Data          11  system.o(.constdata)
    .constdata                               0x08005698   Section       36  imu.o(.constdata)
    .constdata                               0x080056c0   Section       80  asin.o(.constdata)
    pS                                       0x080056c0   Data          48  asin.o(.constdata)
    qS                                       0x080056f0   Data          32  asin.o(.constdata)
    .constdata                               0x08005710   Section      152  atan.o(.constdata)
    atanhi                                   0x08005710   Data          32  atan.o(.constdata)
    atanlo                                   0x08005730   Data          32  atan.o(.constdata)
    aTodd                                    0x08005750   Data          40  atan.o(.constdata)
    aTeven                                   0x08005778   Data          48  atan.o(.constdata)
    .constdata                               0x080057a8   Section        8  qnan.o(.constdata)
    .constdata                               0x080057b0   Section       32  rredf.o(.constdata)
    twooverpi                                0x080057b0   Data          32  rredf.o(.constdata)
    .conststring                             0x080057d0   Section        9  system.o(.conststring)
    .data                                    0x20000000   Section       64  tasks.o(.data)
    uxDeletedTasksWaitingCleanUp             0x20000004   Data           4  tasks.o(.data)
    uxCurrentNumberOfTasks                   0x20000008   Data           4  tasks.o(.data)
    xTickCount                               0x2000000c   Data           4  tasks.o(.data)
    uxTopReadyPriority                       0x20000010   Data           4  tasks.o(.data)
    xSchedulerRunning                        0x20000014   Data           4  tasks.o(.data)
    xPendedTicks                             0x20000018   Data           4  tasks.o(.data)
    xYieldPending                            0x2000001c   Data           4  tasks.o(.data)
    xNumOfOverflows                          0x20000020   Data           4  tasks.o(.data)
    uxTaskNumber                             0x20000024   Data           4  tasks.o(.data)
    xNextTaskUnblockTime                     0x20000028   Data           4  tasks.o(.data)
    xIdleTaskHandle                          0x2000002c   Data           4  tasks.o(.data)
    uxSchedulerSuspended                     0x20000034   Data           4  tasks.o(.data)
    pxDelayedTaskList                        0x20000038   Data           4  tasks.o(.data)
    pxOverflowDelayedTaskList                0x2000003c   Data           4  tasks.o(.data)
    .data                                    0x20000040   Section        4  port.o(.data)
    uxCriticalNesting                        0x20000040   Data           4  port.o(.data)
    .data                                    0x20000044   Section       32  heap_4.o(.data)
    pxEnd                                    0x20000044   Data           4  heap_4.o(.data)
    xFreeBytesRemaining                      0x20000048   Data           4  heap_4.o(.data)
    xMinimumEverFreeBytesRemaining           0x2000004c   Data           4  heap_4.o(.data)
    xNumberOfSuccessfulAllocations           0x20000050   Data           4  heap_4.o(.data)
    xNumberOfSuccessfulFrees                 0x20000054   Data           4  heap_4.o(.data)
    xBlockAllocatedBit                       0x20000058   Data           4  heap_4.o(.data)
    xStart                                   0x2000005c   Data           8  heap_4.o(.data)
    .data                                    0x20000064   Section       20  stm32f10x_it.o(.data)
    ms2                                      0x2000006a   Data           2  stm32f10x_it.o(.data)
    ms5                                      0x2000006c   Data           2  stm32f10x_it.o(.data)
    ms10                                     0x2000006e   Data           2  stm32f10x_it.o(.data)
    ms20                                     0x20000070   Data           2  stm32f10x_it.o(.data)
    ms100                                    0x20000072   Data           2  stm32f10x_it.o(.data)
    ms200                                    0x20000074   Data           2  stm32f10x_it.o(.data)
    ms400                                    0x20000076   Data           2  stm32f10x_it.o(.data)
    .data                                    0x20000078   Section        1  stm32f10x_it.o(.data)
    .data                                    0x2000007c   Section       32  control.o(.data)
    .data                                    0x2000009c   Section        1  control.o(.data)
    .data                                    0x2000009e   Section        4  delay.o(.data)
    D_us                                     0x2000009e   Data           1  delay.o(.data)
    D_ms                                     0x200000a0   Data           2  delay.o(.data)
    .data                                    0x200000a4   Section        8  led.o(.data)
    clock                                    0x200000a8   Data           4  led.o(.data)
    .data                                    0x200000ac   Section       64  mpu6050.o(.data)
    cnt_a                                    0x200000ae   Data           2  mpu6050.o(.data)
    tempgx                                   0x200000b0   Data           4  mpu6050.o(.data)
    tempgy                                   0x200000b4   Data           4  mpu6050.o(.data)
    tempgz                                   0x200000b8   Data           4  mpu6050.o(.data)
    .data                                    0x200000ec   Section       32  rc.o(.data)
    .data                                    0x2000010c   Section        8  rc.o(.data)
    .data                                    0x20000114   Section        4  usart.o(.data)
    .data                                    0x20000118   Section       32  imu.o(.data)
    IIR_mode                                 0x20000119   Data           1  imu.o(.data)
    .data                                    0x20000138   Section       24  filter.o(.data)
    cnt                                      0x20000138   Data           1  filter.o(.data)
    flag                                     0x20000139   Data           1  filter.o(.data)
    cnt                                      0x2000013a   Data           1  filter.o(.data)
    flag                                     0x2000013b   Data           1  filter.o(.data)
    cnt                                      0x2000013c   Data           1  filter.o(.data)
    flag                                     0x2000013d   Data           1  filter.o(.data)
    cnt                                      0x2000013e   Data           1  filter.o(.data)
    flag                                     0x2000013f   Data           1  filter.o(.data)
    cnt                                      0x20000140   Data           1  filter.o(.data)
    flag                                     0x20000141   Data           1  filter.o(.data)
    cnt                                      0x20000142   Data           1  filter.o(.data)
    flag                                     0x20000143   Data           1  filter.o(.data)
    cnt                                      0x20000144   Data           1  filter.o(.data)
    flag                                     0x20000145   Data           1  filter.o(.data)
    data_num                                 0x20000148   Data           4  filter.o(.data)
    LPF_Cnt                                  0x2000014c   Data           4  filter.o(.data)
    .data                                    0x20000150   Section      192  kalman.o(.data)
    .data                                    0x20000210   Section       20  stm32f10x_rcc.o(.data)
    ADCPrescTable                            0x20000210   Data           4  stm32f10x_rcc.o(.data)
    APBAHBPrescTable                         0x20000214   Data          16  stm32f10x_rcc.o(.data)
    .data                                    0x20000224   Section        4  errno.o(.data)
    _errno                                   0x20000224   Data           4  errno.o(.data)
    .bss                                     0x20000228   Section      200  tasks.o(.bss)
    pxReadyTasksLists                        0x20000228   Data         100  tasks.o(.bss)
    xDelayedTaskList1                        0x2000028c   Data          20  tasks.o(.bss)
    xDelayedTaskList2                        0x200002a0   Data          20  tasks.o(.bss)
    xPendingReadyList                        0x200002b4   Data          20  tasks.o(.bss)
    xTasksWaitingTermination                 0x200002c8   Data          20  tasks.o(.bss)
    xSuspendedTaskList                       0x200002dc   Data          20  tasks.o(.bss)
    .bss                                     0x200002f0   Section    15360  heap_4.o(.bss)
    ucHeap                                   0x200002f0   Data       15360  heap_4.o(.bss)
    .bss                                     0x20003ef0   Section      360  control.o(.bss)
    .bss                                     0x20004058   Section       88  mpu6050.o(.bss)
    MPU6050_buff                             0x20004058   Data          14  mpu6050.o(.bss)
    .bss                                     0x200040b0   Section       10  rc.o(.bss)
    .bss                                     0x200040bc   Section       12  imu.o(.bss)
    .bss                                     0x200040c8   Section       84  imu.o(.bss)
    .bss                                     0x2000411c   Section     1736  filter.o(.bss)
    buf                                      0x2000411c   Data          80  filter.o(.bss)
    buf                                      0x2000416c   Data          80  filter.o(.bss)
    bufx                                     0x200041bc   Data          80  filter.o(.bss)
    bufy                                     0x2000420c   Data          80  filter.o(.bss)
    bufz                                     0x2000425c   Data          80  filter.o(.bss)
    bufax                                    0x200042ac   Data          80  filter.o(.bss)
    bufay                                    0x200042fc   Data          80  filter.o(.bss)
    bufaz                                    0x2000434c   Data          80  filter.o(.bss)
    bufgx                                    0x2000439c   Data          80  filter.o(.bss)
    bufgy                                    0x200043ec   Data          80  filter.o(.bss)
    bufgz                                    0x2000443c   Data          80  filter.o(.bss)
    bufx                                     0x2000448c   Data          80  filter.o(.bss)
    bufy                                     0x200044dc   Data          80  filter.o(.bss)
    bufz                                     0x2000452c   Data          80  filter.o(.bss)
    bufax                                    0x2000457c   Data          80  filter.o(.bss)
    bufay                                    0x200045cc   Data          80  filter.o(.bss)
    bufaz                                    0x2000461c   Data          80  filter.o(.bss)
    buf                                      0x2000466c   Data          80  filter.o(.bss)
    buf                                      0x200046bc   Data          80  filter.o(.bss)
    .bss                                     0x200047e8   Section      144  kalman.o(.bss)
    STACK                                    0x20004878   Section     1024  startup_stm32f10x_md.o(STACK)

    Global Symbols

    Symbol Name                              Value     Ov Type        Size  Object(Section)

    BuildAttributes$$THM_ISAv4$P$D$K$B$S$PE$A:L22UL41UL21$X:L11$S22US41US21$IEEE1$IW$USESV6$~STKCKD$USESV7$~SHL$OTIME$ROPI$IEEEX$EBA8$MICROLIB$REQ8$PRES8$EABIv2 0x00000000   Number         0  anon$$obj.o ABSOLUTE
    __ARM_use_no_argv                        0x00000000   Number         0  main.o ABSOLUTE
    __use_no_errno                           0x00000000   Number         0  useno.o ABSOLUTE
    __use_no_exception_handling              0x00000000   Number         0  useno.o ABSOLUTE
    __use_no_fp                              0x00000000   Number         0  useno.o ABSOLUTE
    __use_no_heap                            0x00000000   Number         0  useno.o ABSOLUTE
    __use_no_heap_region                     0x00000000   Number         0  useno.o ABSOLUTE
    __use_no_semihosting                     0x00000000   Number         0  useno.o ABSOLUTE
    __use_no_semihosting_swi                 0x00000000   Number         0  useno.o ABSOLUTE
    __use_no_signal_handling                 0x00000000   Number         0  useno.o ABSOLUTE
    _printf_a                                0x00000000   Number         0  stubs.o ABSOLUTE
    _printf_c                                0x00000000   Number         0  stubs.o ABSOLUTE
    _printf_charcount                        0x00000000   Number         0  stubs.o ABSOLUTE
    _printf_d                                0x00000000   Number         0  stubs.o ABSOLUTE
    _printf_e                                0x00000000   Number         0  stubs.o ABSOLUTE
    _printf_f                                0x00000000   Number         0  stubs.o ABSOLUTE
    _printf_flags                            0x00000000   Number         0  stubs.o ABSOLUTE
    _printf_fp_dec                           0x00000000   Number         0  stubs.o ABSOLUTE
    _printf_fp_hex                           0x00000000   Number         0  stubs.o ABSOLUTE
    _printf_g                                0x00000000   Number         0  stubs.o ABSOLUTE
    _printf_i                                0x00000000   Number         0  stubs.o ABSOLUTE
    _printf_int_dec                          0x00000000   Number         0  stubs.o ABSOLUTE
    _printf_l                                0x00000000   Number         0  stubs.o ABSOLUTE
    _printf_lc                               0x00000000   Number         0  stubs.o ABSOLUTE
    _printf_ll                               0x00000000   Number         0  stubs.o ABSOLUTE
    _printf_lld                              0x00000000   Number         0  stubs.o ABSOLUTE
    _printf_lli                              0x00000000   Number         0  stubs.o ABSOLUTE
    _printf_llo                              0x00000000   Number         0  stubs.o ABSOLUTE
    _printf_llu                              0x00000000   Number         0  stubs.o ABSOLUTE
    _printf_llx                              0x00000000   Number         0  stubs.o ABSOLUTE
    _printf_longlong_dec                     0x00000000   Number         0  stubs.o ABSOLUTE
    _printf_longlong_hex                     0x00000000   Number         0  stubs.o ABSOLUTE
    _printf_longlong_oct                     0x00000000   Number         0  stubs.o ABSOLUTE
    _printf_ls                               0x00000000   Number         0  stubs.o ABSOLUTE
    _printf_mbtowc                           0x00000000   Number         0  stubs.o ABSOLUTE
    _printf_n                                0x00000000   Number         0  stubs.o ABSOLUTE
    _printf_o                                0x00000000   Number         0  stubs.o ABSOLUTE
    _printf_p                                0x00000000   Number         0  stubs.o ABSOLUTE
    _printf_percent                          0x00000000   Number         0  stubs.o ABSOLUTE
    _printf_pre_padding                      0x00000000   Number         0  stubs.o ABSOLUTE
    _printf_return_value                     0x00000000   Number         0  stubs.o ABSOLUTE
    _printf_s                                0x00000000   Number         0  stubs.o ABSOLUTE
    _printf_sizespec                         0x00000000   Number         0  stubs.o ABSOLUTE
    _printf_str                              0x00000000   Number         0  stubs.o ABSOLUTE
    _printf_truncate_signed                  0x00000000   Number         0  stubs.o ABSOLUTE
    _printf_truncate_unsigned                0x00000000   Number         0  stubs.o ABSOLUTE
    _printf_u                                0x00000000   Number         0  stubs.o ABSOLUTE
    _printf_wc                               0x00000000   Number         0  stubs.o ABSOLUTE
    _printf_wctomb                           0x00000000   Number         0  stubs.o ABSOLUTE
    _printf_widthprec                        0x00000000   Number         0  stubs.o ABSOLUTE
    _printf_x                                0x00000000   Number         0  stubs.o ABSOLUTE
    __arm_fini_                               - Undefined Weak Reference
    __cpp_initialize__aeabi_                  - Undefined Weak Reference
    __cxa_finalize                            - Undefined Weak Reference
    _clock_init                               - Undefined Weak Reference
    _microlib_exit                            - Undefined Weak Reference
    __Vectors_Size                           0x000000ec   Number         0  startup_stm32f10x_md.o ABSOLUTE
    __Vectors                                0x08000000   Data           4  startup_stm32f10x_md.o(RESET)
    __Vectors_End                            0x080000ec   Data           0  startup_stm32f10x_md.o(RESET)
    __main                                   0x080000ed   Thumb Code     0  entry.o(.ARM.Collect$$$$00000000)
    _main_stk                                0x080000ed   Thumb Code     0  entry2.o(.ARM.Collect$$$$00000001)
    _main_scatterload                        0x080000f1   Thumb Code     0  entry5.o(.ARM.Collect$$$$00000004)
    __main_after_scatterload                 0x080000f5   Thumb Code     0  entry5.o(.ARM.Collect$$$$00000004)
    _main_clock                              0x080000f5   Thumb Code     0  entry7b.o(.ARM.Collect$$$$00000008)
    _main_cpp_init                           0x080000f5   Thumb Code     0  entry8b.o(.ARM.Collect$$$$0000000A)
    _main_init                               0x080000f5   Thumb Code     0  entry9a.o(.ARM.Collect$$$$0000000B)
    __rt_lib_shutdown_fini                   0x080000fd   Thumb Code     0  entry12b.o(.ARM.Collect$$$$0000000E)
    __rt_final_cpp                           0x08000101   Thumb Code     0  entry10a.o(.ARM.Collect$$$$0000000F)
    __rt_final_exit                          0x08000101   Thumb Code     0  entry11a.o(.ARM.Collect$$$$00000011)
    SVC_Handler                              0x08000105   Thumb Code    32  port.o(.emb_text)
    __asm___6_port_c_39a90d8d__prvStartFirstTask 0x08000129   Thumb Code    28  port.o(.emb_text)
    PendSV_Handler                           0x08000149   Thumb Code    72  port.o(.emb_text)
    vPortGetIPSR                             0x08000195   Thumb Code     6  port.o(.emb_text)
    Reset_Handler                            0x0800019d   Thumb Code     8  startup_stm32f10x_md.o(.text)
    NMI_Handler                              0x080001a5   Thumb Code     2  startup_stm32f10x_md.o(.text)
    HardFault_Handler                        0x080001a7   Thumb Code     2  startup_stm32f10x_md.o(.text)
    MemManage_Handler                        0x080001a9   Thumb Code     2  startup_stm32f10x_md.o(.text)
    BusFault_Handler                         0x080001ab   Thumb Code     2  startup_stm32f10x_md.o(.text)
    UsageFault_Handler                       0x080001ad   Thumb Code     2  startup_stm32f10x_md.o(.text)
    DebugMon_Handler                         0x080001b1   Thumb Code     2  startup_stm32f10x_md.o(.text)
    ADC1_2_IRQHandler                        0x080001b7   Thumb Code     0  startup_stm32f10x_md.o(.text)
    CAN1_RX1_IRQHandler                      0x080001b7   Thumb Code     0  startup_stm32f10x_md.o(.text)
    CAN1_SCE_IRQHandler                      0x080001b7   Thumb Code     0  startup_stm32f10x_md.o(.text)
    DMA1_Channel1_IRQHandler                 0x080001b7   Thumb Code     0  startup_stm32f10x_md.o(.text)
    DMA1_Channel2_IRQHandler                 0x080001b7   Thumb Code     0  startup_stm32f10x_md.o(.text)
    DMA1_Channel3_IRQHandler                 0x080001b7   Thumb Code     0  startup_stm32f10x_md.o(.text)
    DMA1_Channel4_IRQHandler                 0x080001b7   Thumb Code     0  startup_stm32f10x_md.o(.text)
    DMA1_Channel5_IRQHandler                 0x080001b7   Thumb Code     0  startup_stm32f10x_md.o(.text)
    DMA1_Channel6_IRQHandler                 0x080001b7   Thumb Code     0  startup_stm32f10x_md.o(.text)
    DMA1_Channel7_IRQHandler                 0x080001b7   Thumb Code     0  startup_stm32f10x_md.o(.text)
    EXTI0_IRQHandler                         0x080001b7   Thumb Code     0  startup_stm32f10x_md.o(.text)
    EXTI15_10_IRQHandler                     0x080001b7   Thumb Code     0  startup_stm32f10x_md.o(.text)
    EXTI1_IRQHandler                         0x080001b7   Thumb Code     0  startup_stm32f10x_md.o(.text)
    EXTI2_IRQHandler                         0x080001b7   Thumb Code     0  startup_stm32f10x_md.o(.text)
    EXTI3_IRQHandler                         0x080001b7   Thumb Code     0  startup_stm32f10x_md.o(.text)
    EXTI4_IRQHandler                         0x080001b7   Thumb Code     0  startup_stm32f10x_md.o(.text)
    EXTI9_5_IRQHandler                       0x080001b7   Thumb Code     0  startup_stm32f10x_md.o(.text)
    FLASH_IRQHandler                         0x080001b7   Thumb Code     0  startup_stm32f10x_md.o(.text)
    I2C1_ER_IRQHandler                       0x080001b7   Thumb Code     0  startup_stm32f10x_md.o(.text)
    I2C1_EV_IRQHandler                       0x080001b7   Thumb Code     0  startup_stm32f10x_md.o(.text)
    I2C2_ER_IRQHandler                       0x080001b7   Thumb Code     0  startup_stm32f10x_md.o(.text)
    I2C2_EV_IRQHandler                       0x080001b7   Thumb Code     0  startup_stm32f10x_md.o(.text)
    PVD_IRQHandler                           0x080001b7   Thumb Code     0  startup_stm32f10x_md.o(.text)
    RCC_IRQHandler                           0x080001b7   Thumb Code     0  startup_stm32f10x_md.o(.text)
    RTCAlarm_IRQHandler                      0x080001b7   Thumb Code     0  startup_stm32f10x_md.o(.text)
    RTC_IRQHandler                           0x080001b7   Thumb Code     0  startup_stm32f10x_md.o(.text)
    SPI1_IRQHandler                          0x080001b7   Thumb Code     0  startup_stm32f10x_md.o(.text)
    SPI2_IRQHandler                          0x080001b7   Thumb Code     0  startup_stm32f10x_md.o(.text)
    TAMPER_IRQHandler                        0x080001b7   Thumb Code     0  startup_stm32f10x_md.o(.text)
    TIM1_BRK_IRQHandler                      0x080001b7   Thumb Code     0  startup_stm32f10x_md.o(.text)
    TIM1_TRG_COM_IRQHandler                  0x080001b7   Thumb Code     0  startup_stm32f10x_md.o(.text)
    TIM1_UP_IRQHandler                       0x080001b7   Thumb Code     0  startup_stm32f10x_md.o(.text)
    TIM3_IRQHandler                          0x080001b7   Thumb Code     0  startup_stm32f10x_md.o(.text)
    USART2_IRQHandler                        0x080001b7   Thumb Code     0  startup_stm32f10x_md.o(.text)
    USART3_IRQHandler                        0x080001b7   Thumb Code     0  startup_stm32f10x_md.o(.text)
    USBWakeUp_IRQHandler                     0x080001b7   Thumb Code     0  startup_stm32f10x_md.o(.text)
    USB_HP_CAN1_TX_IRQHandler                0x080001b7   Thumb Code     0  startup_stm32f10x_md.o(.text)
    USB_LP_CAN1_RX0_IRQHandler               0x080001b7   Thumb Code     0  startup_stm32f10x_md.o(.text)
    WWDG_IRQHandler                          0x080001b7   Thumb Code     0  startup_stm32f10x_md.o(.text)
    __aeabi_memcpy                           0x080001c1   Thumb Code    36  memcpya.o(.text)
    __aeabi_memcpy4                          0x080001c1   Thumb Code     0  memcpya.o(.text)
    __aeabi_memcpy8                          0x080001c1   Thumb Code     0  memcpya.o(.text)
    __aeabi_fadd                             0x080001e5   Thumb Code   164  fadd.o(.text)
    __aeabi_fsub                             0x08000289   Thumb Code     6  fadd.o(.text)
    __aeabi_frsub                            0x0800028f   Thumb Code     6  fadd.o(.text)
    __aeabi_fmul                             0x08000295   Thumb Code   100  fmul.o(.text)
    __aeabi_fdiv                             0x080002f9   Thumb Code   124  fdiv.o(.text)
    __ARM_scalbnf                            0x08000375   Thumb Code    24  fscalb.o(.text)
    scalbnf                                  0x08000375   Thumb Code     0  fscalb.o(.text)
    __aeabi_dadd                             0x0800038d   Thumb Code   322  dadd.o(.text)
    __aeabi_dsub                             0x080004cf   Thumb Code     6  dadd.o(.text)
    __aeabi_drsub                            0x080004d5   Thumb Code     6  dadd.o(.text)
    __aeabi_dmul                             0x080004db   Thumb Code   228  dmul.o(.text)
    __aeabi_ddiv                             0x080005bf   Thumb Code   222  ddiv.o(.text)
    __aeabi_i2f                              0x0800069d   Thumb Code    18  fflti.o(.text)
    __aeabi_ui2f                             0x080006af   Thumb Code    10  ffltui.o(.text)
    __aeabi_f2iz                             0x080006b9   Thumb Code    50  ffixi.o(.text)
    __aeabi_f2d                              0x080006eb   Thumb Code    38  f2d.o(.text)
    __aeabi_d2f                              0x08000711   Thumb Code    56  d2f.o(.text)
    __aeabi_cfrcmple                         0x08000749   Thumb Code    20  cfrcmple.o(.text)
    __aeabi_uidiv                            0x0800075d   Thumb Code     0  uidiv.o(.text)
    __aeabi_uidivmod                         0x0800075d   Thumb Code    44  uidiv.o(.text)
    __aeabi_uldivmod                         0x08000789   Thumb Code    98  uldiv.o(.text)
    __aeabi_llsl                             0x080007eb   Thumb Code    30  llshl.o(.text)
    _ll_shift_l                              0x080007eb   Thumb Code     0  llshl.o(.text)
    __aeabi_lasr                             0x08000809   Thumb Code    36  llsshr.o(.text)
    _ll_sshift_r                             0x08000809   Thumb Code     0  llsshr.o(.text)
    __I$use$fp                               0x0800082d   Thumb Code     0  iusefp.o(.text)
    _float_round                             0x0800082d   Thumb Code    18  fepilogue.o(.text)
    _float_epilogue                          0x0800083f   Thumb Code    92  fepilogue.o(.text)
    _frnd                                    0x0800089b   Thumb Code    60  frnd.o(.text)
    _double_round                            0x080008d7   Thumb Code    30  depilogue.o(.text)
    _double_epilogue                         0x080008f5   Thumb Code   156  depilogue.o(.text)
    __ARM_scalbn                             0x08000991   Thumb Code    46  dscalb.o(.text)
    scalbn                                   0x08000991   Thumb Code     0  dscalb.o(.text)
    __aeabi_d2ulz                            0x080009bf   Thumb Code    48  dfixul.o(.text)
    __aeabi_cdcmpeq                          0x080009f1   Thumb Code     0  cdcmple.o(.text)
    __aeabi_cdcmple                          0x080009f1   Thumb Code    48  cdcmple.o(.text)
    __aeabi_cdrcmple                         0x08000a21   Thumb Code    48  cdrcmple.o(.text)
    __scatterload                            0x08000a51   Thumb Code    28  init.o(.text)
    __scatterload_rt2                        0x08000a51   Thumb Code     0  init.o(.text)
    __aeabi_llsr                             0x08000a75   Thumb Code    32  llushr.o(.text)
    _ll_ushift_r                             0x08000a75   Thumb Code     0  llushr.o(.text)
    _dsqrt                                   0x08000a95   Thumb Code   162  dsqrt.o(.text)
    __decompress                             0x08000b37   Thumb Code     0  __dczerorl2.o(.text)
    __decompress1                            0x08000b37   Thumb Code    86  __dczerorl2.o(.text)
    Acce_Correct_Filter                      0x08000b8d   Thumb Code    56  mpu6050.o(i.Acce_Correct_Filter)
    Butterworth_Parameter_Init               0x08000bcd   Thumb Code   114  filter.o(i.Butterworth_Parameter_Init)
    Control                                  0x08000c69   Thumb Code   582  control.o(i.Control)
    Delay_ms                                 0x08000ed5   Thumb Code    42  delay.o(i.Delay_ms)
    Delay_us                                 0x08000f05   Thumb Code    42  delay.o(i.Delay_us)
    GENERAL_TIM_Init                         0x08000f5d   Thumb Code    14  rc.o(i.GENERAL_TIM_Init)
    GPIO_Init                                0x08001099   Thumb Code   166  stm32f10x_gpio.o(i.GPIO_Init)
    GPIO_ResetBits                           0x0800113f   Thumb Code     4  stm32f10x_gpio.o(i.GPIO_ResetBits)
    GPIO_SetBits                             0x08001143   Thumb Code     4  stm32f10x_gpio.o(i.GPIO_SetBits)
    IIC_Ack                                  0x08001149   Thumb Code    36  iic.o(i.IIC_Ack)
    IIC_GPIO_Init                            0x08001171   Thumb Code    48  iic.o(i.IIC_GPIO_Init)
    IIC_NAck                                 0x080011a5   Thumb Code    36  iic.o(i.IIC_NAck)
    IIC_ReadByte                             0x080011cd   Thumb Code    94  iic.o(i.IIC_ReadByte)
    IIC_ReadByteFromSlave                    0x08001231   Thumb Code    74  iic.o(i.IIC_ReadByteFromSlave)
    IIC_ReadMultByteFromSlave                0x0800127b   Thumb Code   106  iic.o(i.IIC_ReadMultByteFromSlave)
    IIC_SendByte                             0x080012e5   Thumb Code    84  iic.o(i.IIC_SendByte)
    IIC_Start                                0x0800133d   Thumb Code    38  iic.o(i.IIC_Start)
    IIC_Stop                                 0x08001369   Thumb Code    40  iic.o(i.IIC_Stop)
    IIC_WaitAck                              0x08001395   Thumb Code    68  iic.o(i.IIC_WaitAck)
    IIC_WriteByteToSlave                     0x080013dd   Thumb Code    70  iic.o(i.IIC_WriteByteToSlave)
    IMUupdate                                0x08001425   Thumb Code  1270  imu.o(i.IMUupdate)
    LED_Init                                 0x08001949   Thumb Code   106  led.o(i.LED_Init)
    LPButterworth                            0x080019bd   Thumb Code   124  filter.o(i.LPButterworth)
    MOTOR_Init                               0x08001a3d   Thumb Code   244  motor.o(i.MOTOR_Init)
    MPU6050_Check                            0x08001b3d   Thumb Code    20  mpu6050.o(i.MPU6050_Check)
    MPU6050_Init                             0x08001b6d   Thumb Code    74  mpu6050.o(i.MPU6050_Init)
    MPU6050_OffSet                           0x08001bb9   Thumb Code   114  mpu6050.o(i.MPU6050_OffSet)
    MPU6050_Offset                           0x08001c31   Thumb Code   198  mpu6050.o(i.MPU6050_Offset)
    MPU6050_Read                             0x08001d01   Thumb Code    10  mpu6050.o(i.MPU6050_Read)
    MPU6050_ReadByte                         0x08001d11   Thumb Code    22  mpu6050.o(i.MPU6050_ReadByte)
    MPU6050_ReadMultBytes                    0x08001d27   Thumb Code    24  mpu6050.o(i.MPU6050_ReadMultBytes)
    MPU6050_WriteByte                        0x08001d3f   Thumb Code    22  mpu6050.o(i.MPU6050_WriteByte)
    MPU6050_getDeviceID                      0x08001d55   Thumb Code    16  mpu6050.o(i.MPU6050_getDeviceID)
    MPU6050_testConnection                   0x08001d65   Thumb Code    18  mpu6050.o(i.MPU6050_testConnection)
    Moto_Pwm                                 0x08001d79   Thumb Code    76  motor.o(i.Moto_Pwm)
    NVIC_Init                                0x08001dc9   Thumb Code    96  misc.o(i.NVIC_Init)
    NVIC_PriorityGroupConfig                 0x08001e2d   Thumb Code    10  misc.o(i.NVIC_PriorityGroupConfig)
    NvicConfig                               0x08001e41   Thumb Code   164  nvic.o(i.NvicConfig)
    PID_Postion_Cal                          0x08001ee5   Thumb Code   216  pid.o(i.PID_Postion_Cal)
    PidParameter_init                        0x08001fc1   Thumb Code   150  pid.o(i.PidParameter_init)
    Prepare_Data                             0x08002099   Thumb Code   290  imu.o(i.Prepare_Data)
    RCC_APB1PeriphClockCmd                   0x080021e1   Thumb Code    22  stm32f10x_rcc.o(i.RCC_APB1PeriphClockCmd)
    RCC_APB2PeriphClockCmd                   0x080021fd   Thumb Code    22  stm32f10x_rcc.o(i.RCC_APB2PeriphClockCmd)
    RCC_GetClocksFreq                        0x08002219   Thumb Code   154  stm32f10x_rcc.o(i.RCC_GetClocksFreq)
    Remote_Data_ReceiveAnalysis              0x080022c5   Thumb Code   118  rc.o(i.Remote_Data_ReceiveAnalysis)
    SDA_IN                                   0x08002345   Thumb Code    32  iic.o(i.SDA_IN)
    SDA_OUT                                  0x08002369   Thumb Code    38  iic.o(i.SDA_OUT)
    Set_Cutoff_Frequency                     0x08002449   Thumb Code   178  filter.o(i.Set_Cutoff_Frequency)
    SysTick_Handler                          0x08002505   Thumb Code    38  port.o(i.SysTick_Handler)
    SystemInit                               0x08002531   Thumb Code    64  system_stm32f10x.o(i.SystemInit)
    System_Init                              0x08002581   Thumb Code    58  system.o(i.System_Init)
    TIM1_CC_IRQHandler                       0x080027a1   Thumb Code   102  stm32f10x_it.o(i.TIM1_CC_IRQHandler)
    TIM2_IRQHandler                          0x08002815   Thumb Code   304  stm32f10x_it.o(i.TIM2_IRQHandler)
    TIM4_IRQHandler                          0x08002955   Thumb Code   192  stm32f10x_it.o(i.TIM4_IRQHandler)
    TIM_ClearFlag                            0x08002a31   Thumb Code     6  stm32f10x_tim.o(i.TIM_ClearFlag)
    TIM_ClearITPendingBit                    0x08002a37   Thumb Code     6  stm32f10x_tim.o(i.TIM_ClearITPendingBit)
    TIM_Cmd                                  0x08002a3d   Thumb Code    24  stm32f10x_tim.o(i.TIM_Cmd)
    TIM_GetCapture1                          0x08002a55   Thumb Code     4  stm32f10x_tim.o(i.TIM_GetCapture1)
    TIM_GetCapture2                          0x08002a59   Thumb Code     4  stm32f10x_tim.o(i.TIM_GetCapture2)
    TIM_GetCapture3                          0x08002a5d   Thumb Code     4  stm32f10x_tim.o(i.TIM_GetCapture3)
    TIM_GetCapture4                          0x08002a61   Thumb Code     6  stm32f10x_tim.o(i.TIM_GetCapture4)
    TIM_GetITStatus                          0x08002a67   Thumb Code    24  stm32f10x_tim.o(i.TIM_GetITStatus)
    TIM_ICInit                               0x08002a81   Thumb Code   122  stm32f10x_tim.o(i.TIM_ICInit)
    TIM_ITConfig                             0x08002b0d   Thumb Code    20  stm32f10x_tim.o(i.TIM_ITConfig)
    TIM_OC1Init                              0x08002b21   Thumb Code   114  stm32f10x_tim.o(i.TIM_OC1Init)
    TIM_OC1PolarityConfig                    0x08002ba9   Thumb Code    12  stm32f10x_tim.o(i.TIM_OC1PolarityConfig)
    TIM_OC1PreloadConfig                     0x08002bb5   Thumb Code    12  stm32f10x_tim.o(i.TIM_OC1PreloadConfig)
    TIM_OC2Init                              0x08002bc1   Thumb Code   128  stm32f10x_tim.o(i.TIM_OC2Init)
    TIM_OC2PolarityConfig                    0x08002c49   Thumb Code    20  stm32f10x_tim.o(i.TIM_OC2PolarityConfig)
    TIM_OC2PreloadConfig                     0x08002c5d   Thumb Code    20  stm32f10x_tim.o(i.TIM_OC2PreloadConfig)
    TIM_OC3Init                              0x08002c71   Thumb Code   124  stm32f10x_tim.o(i.TIM_OC3Init)
    TIM_OC3PolarityConfig                    0x08002cf5   Thumb Code    20  stm32f10x_tim.o(i.TIM_OC3PolarityConfig)
    TIM_OC3PreloadConfig                     0x08002d09   Thumb Code    12  stm32f10x_tim.o(i.TIM_OC3PreloadConfig)
    TIM_OC4Init                              0x08002d15   Thumb Code    94  stm32f10x_tim.o(i.TIM_OC4Init)
    TIM_OC4PolarityConfig                    0x08002d7d   Thumb Code    20  stm32f10x_tim.o(i.TIM_OC4PolarityConfig)
    TIM_OC4PreloadConfig                     0x08002d91   Thumb Code    20  stm32f10x_tim.o(i.TIM_OC4PreloadConfig)
    TIM_SetIC1Prescaler                      0x08002da5   Thumb Code    16  stm32f10x_tim.o(i.TIM_SetIC1Prescaler)
    TIM_SetIC2Prescaler                      0x08002db5   Thumb Code    24  stm32f10x_tim.o(i.TIM_SetIC2Prescaler)
    TIM_SetIC3Prescaler                      0x08002dcd   Thumb Code    16  stm32f10x_tim.o(i.TIM_SetIC3Prescaler)
    TIM_SetIC4Prescaler                      0x08002ddd   Thumb Code    24  stm32f10x_tim.o(i.TIM_SetIC4Prescaler)
    TIM_TimeBaseInit                         0x08002df5   Thumb Code   114  stm32f10x_tim.o(i.TIM_TimeBaseInit)
    Task_Schedule                            0x08002e91   Thumb Code    34  system.o(i.Task_Schedule)
    USART1_IRQHandler                        0x08002eb9   Thumb Code    48  stm32f10x_it.o(i.USART1_IRQHandler)
    USART_ClearITPendingBit                  0x08002eed   Thumb Code    16  stm32f10x_usart.o(i.USART_ClearITPendingBit)
    USART_Cmd                                0x08002efd   Thumb Code    24  stm32f10x_usart.o(i.USART_Cmd)
    USART_GetITStatus                        0x08002f15   Thumb Code    64  stm32f10x_usart.o(i.USART_GetITStatus)
    USART_ITConfig                           0x08002f55   Thumb Code    54  stm32f10x_usart.o(i.USART_ITConfig)
    USART_Init                               0x08002f8d   Thumb Code   182  stm32f10x_usart.o(i.USART_Init)
    USART_init                               0x08003049   Thumb Code   138  usart.o(i.USART_init)
    __0printf                                0x080030dd   Thumb Code    22  printfa.o(i.__0printf)
    __1printf                                0x080030dd   Thumb Code     0  printfa.o(i.__0printf)
    __2printf                                0x080030dd   Thumb Code     0  printfa.o(i.__0printf)
    __c89printf                              0x080030dd   Thumb Code     0  printfa.o(i.__0printf)
    printf                                   0x080030dd   Thumb Code     0  printfa.o(i.__0printf)
    __ARM_fpclassify                         0x080030fd   Thumb Code    40  fpclassify.o(i.__ARM_fpclassify)
    __ARM_fpclassifyf                        0x08003125   Thumb Code    38  fpclassifyf.o(i.__ARM_fpclassifyf)
    __kernel_poly                            0x0800314b   Thumb Code   170  poly.o(i.__kernel_poly)
    __mathlib_dbl_infnan                     0x080031f5   Thumb Code     6  dunder.o(i.__mathlib_dbl_infnan)
    __mathlib_dbl_infnan2                    0x080031fb   Thumb Code     4  dunder.o(i.__mathlib_dbl_infnan2)
    __mathlib_dbl_invalid                    0x080031ff   Thumb Code    12  dunder.o(i.__mathlib_dbl_invalid)
    __mathlib_dbl_underflow                  0x0800320d   Thumb Code    10  dunder.o(i.__mathlib_dbl_underflow)
    __mathlib_flt_infnan                     0x0800321d   Thumb Code     6  funder.o(i.__mathlib_flt_infnan)
    __mathlib_flt_invalid                    0x08003223   Thumb Code     8  funder.o(i.__mathlib_flt_invalid)
    __mathlib_flt_underflow                  0x0800322b   Thumb Code    10  funder.o(i.__mathlib_flt_underflow)
    __mathlib_rredf2                         0x08003235   Thumb Code   344  rredf.o(i.__mathlib_rredf2)
    __scatterload_copy                       0x0800339d   Thumb Code    14  handlers.o(i.__scatterload_copy)
    __scatterload_null                       0x080033ab   Thumb Code     2  handlers.o(i.__scatterload_null)
    __scatterload_zeroinit                   0x080033ad   Thumb Code    14  handlers.o(i.__scatterload_zeroinit)
    __set_errno                              0x080033bd   Thumb Code     6  errno.o(i.__set_errno)
    asin                                     0x08003c55   Thumb Code   572  asin.o(i.asin)
    atan                                     0x08003ec5   Thumb Code   474  atan.o(i.atan)
    atan2                                    0x080040e5   Thumb Code   374  atan2.o(i.atan2)
    cosf                                     0x08004281   Thumb Code   328  cosf.o(i.cosf)
    ctrl                                     0x080043fd   Thumb Code    46  system.o(i.ctrl)
    fputc                                    0x08004441   Thumb Code    22  main.o(i.fputc)
    led_task                                 0x08004495   Thumb Code   220  led.o(i.led_task)
    main                                     0x08004581   Thumb Code    32  main.o(i.main)
    pvPortMalloc                             0x080048c5   Thumb Code   174  heap_4.o(i.pvPortMalloc)
    pxPortInitialiseStack                    0x08004979   Thumb Code    24  port.o(i.pxPortInitialiseStack)
    sliding_average_filter                   0x08004995   Thumb Code   304  filter.o(i.sliding_average_filter)
    sqrt                                     0x08004acd   Thumb Code    76  sqrt.o(i.sqrt)
    tanf                                     0x08004b19   Thumb Code   314  tanf.o(i.tanf)
    uxListRemove                             0x08004cf9   Thumb Code    38  list.o(i.uxListRemove)
    vListInitialise                          0x08004d1f   Thumb Code    22  list.o(i.vListInitialise)
    vListInitialiseItem                      0x08004d35   Thumb Code     6  list.o(i.vListInitialiseItem)
    vListInsert                              0x08004d3b   Thumb Code    48  list.o(i.vListInsert)
    vListInsertEnd                           0x08004d6b   Thumb Code    24  list.o(i.vListInsertEnd)
    vPortEnterCritical                       0x08004d85   Thumb Code    24  port.o(i.vPortEnterCritical)
    vPortExitCritical                        0x08004da1   Thumb Code    18  port.o(i.vPortExitCritical)
    vPortFree                                0x08004db9   Thumb Code    64  heap_4.o(i.vPortFree)
    vPortSetupTimerInterrupt                 0x08004dfd   Thumb Code    22  port.o(i.vPortSetupTimerInterrupt)
    vTaskDelete                              0x08004e15   Thumb Code   138  tasks.o(i.vTaskDelete)
    vTaskStartScheduler                      0x08004ead   Thumb Code    64  tasks.o(i.vTaskStartScheduler)
    vTaskSuspendAll                          0x08004efd   Thumb Code    10  tasks.o(i.vTaskSuspendAll)
    vTaskSwitchContext                       0x08004f0d   Thumb Code    64  tasks.o(i.vTaskSwitchContext)
    xInit_Kalman                             0x08004f55   Thumb Code    58  kalman.o(i.xInit_Kalman)
    xPortStartScheduler                      0x08004fad   Thumb Code    38  port.o(i.xPortStartScheduler)
    xTaskCreate                              0x08004fdd   Thumb Code    96  tasks.o(i.xTaskCreate)
    xTaskDelayUntil                          0x0800503d   Thumb Code    84  tasks.o(i.xTaskDelayUntil)
    xTaskGetTickCount                        0x08005099   Thumb Code     6  tasks.o(i.xTaskGetTickCount)
    xTaskIncrementTick                       0x080050a5   Thumb Code   176  tasks.o(i.xTaskIncrementTick)
    xTaskResumeAll                           0x0800515d   Thumb Code   168  tasks.o(i.xTaskResumeAll)
    xgetAngle                                0x08005211   Thumb Code   460  kalman.o(i.xgetAngle)
    yInit_Kalman                             0x080053e5   Thumb Code    58  kalman.o(i.yInit_Kalman)
    ygetAngle                                0x08005441   Thumb Code   462  kalman.o(i.ygetAngle)
    zInit_Kalman                             0x08005619   Thumb Code    58  kalman.o(i.zInit_Kalman)
    __mathlib_zero                           0x080057a8   Data           8  qnan.o(.constdata)
    Region$$Table$$Base                      0x080057dc   Number         0  anon$$obj.o(Region$$Table)
    Region$$Table$$Limit                     0x080057fc   Number         0  anon$$obj.o(Region$$Table)
    pxCurrentTCB                             0x20000000   Data           4  tasks.o(.data)
    uxTopUsedPriority                        0x20000030   Data           4  tasks.o(.data)
    LED_Scan                                 0x20000064   Data           1  stm32f10x_it.o(.data)
    IMU_Scan                                 0x20000065   Data           1  stm32f10x_it.o(.data)
    MPU_Scan                                 0x20000066   Data           1  stm32f10x_it.o(.data)
    Init_Flag                                0x20000067   Data           1  stm32f10x_it.o(.data)
    Init_Time                                0x20000068   Data           1  stm32f10x_it.o(.data)
    lock                                     0x20000078   Data           1  stm32f10x_it.o(.data)
    RC_middle                                0x2000007c   Data           1  control.o(.data)
    RC_middle_num                            0x2000007d   Data           1  control.o(.data)
    Moto_PWM_1                               0x20000080   Data           4  control.o(.data)
    Moto_PWM_2                               0x20000084   Data           4  control.o(.data)
    Moto_PWM_3                               0x20000088   Data           4  control.o(.data)
    Moto_PWM_4                               0x2000008c   Data           4  control.o(.data)
    RC_ROLL_mid                              0x20000090   Data           4  control.o(.data)
    RC_PITCH_mid                             0x20000094   Data           4  control.o(.data)
    RC_YAW_mid                               0x20000098   Data           4  control.o(.data)
    Airplane_Enable                          0x2000009c   Data           1  control.o(.data)
    loop                                     0x200000a4   Data           1  led.o(.data)
    SENSER_OFFSET_FLAG                       0x200000ac   Data           1  mpu6050.o(.data)
    GYRO_OFFSET_RAW                          0x200000bc   Data           6  mpu6050.o(.data)
    ACC_OFFSET_RAW                           0x200000c2   Data           6  mpu6050.o(.data)
    MPU6050_ACC_RAW                          0x200000c8   Data           6  mpu6050.o(.data)
    MPU6050_GYRO_RAW                         0x200000ce   Data           6  mpu6050.o(.data)
    Butter_1HZ_Parameter_Acce                0x200000d4   Data          24  mpu6050.o(.data)
    TIM_ICUserValueStructure_1               0x200000ec   Data           8  rc.o(.data)
    TIM_ICUserValueStructure_2               0x200000f4   Data           8  rc.o(.data)
    TIM_ICUserValueStructure_3               0x200000fc   Data           8  rc.o(.data)
    TIM_ICUserValueStructure_4               0x20000104   Data           8  rc.o(.data)
    TIM_ICUserValueStructure_5               0x2000010c   Data           8  rc.o(.data)
    __stdout                                 0x20000114   Data           4  usart.o(.data)
    AccbUpdate                               0x20000118   Data           1  imu.o(.data)
    q0                                       0x2000011c   Data           4  imu.o(.data)
    q1                                       0x20000120   Data           4  imu.o(.data)
    q2                                       0x20000124   Data           4  imu.o(.data)
    q3                                       0x20000128   Data           4  imu.o(.data)
    exInt                                    0x2000012c   Data           4  imu.o(.data)
    eyInt                                    0x20000130   Data           4  imu.o(.data)
    ezInt                                    0x20000134   Data           4  imu.o(.data)
    xQ_angle                                 0x20000150   Data           8  kalman.o(.data)
    xQ_bias                                  0x20000158   Data           8  kalman.o(.data)
    xR_measure                               0x20000160   Data           8  kalman.o(.data)
    xangle                                   0x20000168   Data           8  kalman.o(.data)
    xbias                                    0x20000170   Data           8  kalman.o(.data)
    xrate                                    0x20000178   Data           8  kalman.o(.data)
    xy                                       0x20000180   Data           8  kalman.o(.data)
    xS                                       0x20000188   Data           8  kalman.o(.data)
    yQ_angle                                 0x20000190   Data           8  kalman.o(.data)
    yQ_bias                                  0x20000198   Data           8  kalman.o(.data)
    yR_measure                               0x200001a0   Data           8  kalman.o(.data)
    yangle                                   0x200001a8   Data           8  kalman.o(.data)
    ybias                                    0x200001b0   Data           8  kalman.o(.data)
    yrate                                    0x200001b8   Data           8  kalman.o(.data)
    yy                                       0x200001c0   Data           8  kalman.o(.data)
    yS                                       0x200001c8   Data           8  kalman.o(.data)
    zQ_angle                                 0x200001d0   Data           8  kalman.o(.data)
    zQ_bias                                  0x200001d8   Data           8  kalman.o(.data)
    zR_measure                               0x200001e0   Data           8  kalman.o(.data)
    zangle                                   0x200001e8   Data           8  kalman.o(.data)
    zbias                                    0x200001f0   Data           8  kalman.o(.data)
    zrate                                    0x200001f8   Data           8  kalman.o(.data)
    zy                                       0x20000200   Data           8  kalman.o(.data)
    zS                                       0x20000208   Data           8  kalman.o(.data)
    PID_ROL_Angle                            0x20003ef0   Data          60  control.o(.bss)
    PID_PIT_Angle                            0x20003f2c   Data          60  control.o(.bss)
    PID_YAW_Angle                            0x20003f68   Data          60  control.o(.bss)
    PID_ROL_Rate                             0x20003fa4   Data          60  control.o(.bss)
    PID_PIT_Rate                             0x20003fe0   Data          60  control.o(.bss)
    PID_YAW_Rate                             0x2000401c   Data          60  control.o(.bss)
    Butter_Buffer_Correct                    0x20004068   Data          72  mpu6050.o(.bss)
    RC_Control                               0x200040b0   Data          10  rc.o(.bss)
    Att_Angle                                0x200040bc   Data          12  imu.o(.bss)
    Gyr_rad                                  0x200040c8   Data          12  imu.o(.bss)
    Acc_filt                                 0x200040d4   Data          12  imu.o(.bss)
    Acc_filtold                              0x200040e0   Data          12  imu.o(.bss)
    accb                                     0x200040ec   Data          12  imu.o(.bss)
    DCMgb                                    0x200040f8   Data          36  imu.o(.bss)
    Butter_80HZ_Parameter_Acce               0x2000470c   Data          24  filter.o(.bss)
    Butter_60HZ_Parameter_Acce               0x20004724   Data          24  filter.o(.bss)
    Butter_51HZ_Parameter_Acce               0x2000473c   Data          24  filter.o(.bss)
    Butter_30HZ_Parameter_Acce               0x20004754   Data          24  filter.o(.bss)
    Butter_20HZ_Parameter_Acce               0x2000476c   Data          24  filter.o(.bss)
    Butter_15HZ_Parameter_Acce               0x20004784   Data          24  filter.o(.bss)
    Butter_10HZ_Parameter_Acce               0x2000479c   Data          24  filter.o(.bss)
    Butter_5HZ_Parameter_Acce                0x200047b4   Data          24  filter.o(.bss)
    Butter_2HZ_Parameter_Acce                0x200047cc   Data          24  filter.o(.bss)
    xP                                       0x200047e8   Data          32  kalman.o(.bss)
    xK                                       0x20004808   Data          16  kalman.o(.bss)
    yP                                       0x20004818   Data          32  kalman.o(.bss)
    yK                                       0x20004838   Data          16  kalman.o(.bss)
    zP                                       0x20004848   Data          32  kalman.o(.bss)
    zK                                       0x20004868   Data          16  kalman.o(.bss)
    __initial_sp                             0x20004c78   Data           0  startup_stm32f10x_md.o(STACK)



==============================================================================

Memory Map of the image

  Image Entry point : 0x080000ed

  Load Region LR_IROM1 (Base: 0x08000000, Size: 0x00005a24, Max: 0x00010000, ABSOLUTE, COMPRESSED[0x00005840])

    Execution Region ER_IROM1 (Exec base: 0x08000000, Load base: 0x08000000, Size: 0x000057fc, Max: 0x00010000, ABSOLUTE)

    Exec Addr    Load Addr    Size         Type   Attr      Idx    E Section Name        Object

    0x08000000   0x08000000   0x000000ec   Data   RO         2450    RESET               startup_stm32f10x_md.o
    0x080000ec   0x080000ec   0x00000000   Code   RO         4494  * .ARM.Collect$$$$00000000  mc_w.l(entry.o)
    0x080000ec   0x080000ec   0x00000004   Code   RO         4853    .ARM.Collect$$$$00000001  mc_w.l(entry2.o)
    0x080000f0   0x080000f0   0x00000004   Code   RO         4856    .ARM.Collect$$$$00000004  mc_w.l(entry5.o)
    0x080000f4   0x080000f4   0x00000000   Code   RO         4858    .ARM.Collect$$$$00000008  mc_w.l(entry7b.o)
    0x080000f4   0x080000f4   0x00000000   Code   RO         4860    .ARM.Collect$$$$0000000A  mc_w.l(entry8b.o)
    0x080000f4   0x080000f4   0x00000008   Code   RO         4861    .ARM.Collect$$$$0000000B  mc_w.l(entry9a.o)
    0x080000fc   0x080000fc   0x00000004   Code   RO         4868    .ARM.Collect$$$$0000000E  mc_w.l(entry12b.o)
    0x08000100   0x08000100   0x00000000   Code   RO         4863    .ARM.Collect$$$$0000000F  mc_w.l(entry10a.o)
    0x08000100   0x08000100   0x00000000   Code   RO         4865    .ARM.Collect$$$$00000011  mc_w.l(entry11a.o)
    0x08000100   0x08000100   0x00000004   Code   RO         4854    .ARM.Collect$$$$00002712  mc_w.l(entry2.o)
    0x08000104   0x08000104   0x00000096   Code   RO          802    .emb_text           port.o
    0x0800019a   0x0800019a   0x00000002   PAD
    0x0800019c   0x0800019c   0x00000024   Code   RO         2451    .text               startup_stm32f10x_md.o
    0x080001c0   0x080001c0   0x00000024   Code   RO         4500    .text               mc_w.l(memcpya.o)
    0x080001e4   0x080001e4   0x000000b0   Code   RO         4767    .text               mf_w.l(fadd.o)
    0x08000294   0x08000294   0x00000064   Code   RO         4769    .text               mf_w.l(fmul.o)
    0x080002f8   0x080002f8   0x0000007c   Code   RO         4771    .text               mf_w.l(fdiv.o)
    0x08000374   0x08000374   0x00000018   Code   RO         4773    .text               mf_w.l(fscalb.o)
    0x0800038c   0x0800038c   0x0000014e   Code   RO         4775    .text               mf_w.l(dadd.o)
    0x080004da   0x080004da   0x000000e4   Code   RO         4777    .text               mf_w.l(dmul.o)
    0x080005be   0x080005be   0x000000de   Code   RO         4779    .text               mf_w.l(ddiv.o)
    0x0800069c   0x0800069c   0x00000012   Code   RO         4781    .text               mf_w.l(fflti.o)
    0x080006ae   0x080006ae   0x0000000a   Code   RO         4783    .text               mf_w.l(ffltui.o)
    0x080006b8   0x080006b8   0x00000032   Code   RO         4785    .text               mf_w.l(ffixi.o)
    0x080006ea   0x080006ea   0x00000026   Code   RO         4789    .text               mf_w.l(f2d.o)
    0x08000710   0x08000710   0x00000038   Code   RO         4791    .text               mf_w.l(d2f.o)
    0x08000748   0x08000748   0x00000014   Code   RO         4795    .text               mf_w.l(cfrcmple.o)
    0x0800075c   0x0800075c   0x0000002c   Code   RO         4869    .text               mc_w.l(uidiv.o)
    0x08000788   0x08000788   0x00000062   Code   RO         4871    .text               mc_w.l(uldiv.o)
    0x080007ea   0x080007ea   0x0000001e   Code   RO         4873    .text               mc_w.l(llshl.o)
    0x08000808   0x08000808   0x00000024   Code   RO         4875    .text               mc_w.l(llsshr.o)
    0x0800082c   0x0800082c   0x00000000   Code   RO         4884    .text               mc_w.l(iusefp.o)
    0x0800082c   0x0800082c   0x0000006e   Code   RO         4885    .text               mf_w.l(fepilogue.o)
    0x0800089a   0x0800089a   0x0000003c   Code   RO         4887    .text               mf_w.l(frnd.o)
    0x080008d6   0x080008d6   0x000000ba   Code   RO         4889    .text               mf_w.l(depilogue.o)
    0x08000990   0x08000990   0x0000002e   Code   RO         4891    .text               mf_w.l(dscalb.o)
    0x080009be   0x080009be   0x00000030   Code   RO         4893    .text               mf_w.l(dfixul.o)
    0x080009ee   0x080009ee   0x00000002   PAD
    0x080009f0   0x080009f0   0x00000030   Code   RO         4895    .text               mf_w.l(cdcmple.o)
    0x08000a20   0x08000a20   0x00000030   Code   RO         4897    .text               mf_w.l(cdrcmple.o)
    0x08000a50   0x08000a50   0x00000024   Code   RO         4899    .text               mc_w.l(init.o)
    0x08000a74   0x08000a74   0x00000020   Code   RO         4901    .text               mc_w.l(llushr.o)
    0x08000a94   0x08000a94   0x000000a2   Code   RO         4903    .text               mf_w.l(dsqrt.o)
    0x08000b36   0x08000b36   0x00000056   Code   RO         4913    .text               mc_w.l(__dczerorl2.o)
    0x08000b8c   0x08000b8c   0x00000040   Code   RO         1659    i.Acce_Correct_Filter  mpu6050.o
    0x08000bcc   0x08000bcc   0x0000009c   Code   RO         2508    i.Butterworth_Parameter_Init  filter.o
    0x08000c68   0x08000c68   0x0000026c   Code   RO         1171    i.Control           control.o
    0x08000ed4   0x08000ed4   0x00000030   Code   RO         1323    i.Delay_ms          delay.o
    0x08000f04   0x08000f04   0x00000030   Code   RO         1324    i.Delay_us          delay.o
    0x08000f34   0x08000f34   0x00000028   Code   RO         2058    i.GENERAL_TIM_GPIO_Config  rc.o
    0x08000f5c   0x08000f5c   0x0000000e   Code   RO         2059    i.GENERAL_TIM_Init  rc.o
    0x08000f6a   0x08000f6a   0x00000002   PAD
    0x08000f6c   0x08000f6c   0x0000012c   Code   RO         2060    i.GENERAL_TIM_Mode_Config  rc.o
    0x08001098   0x08001098   0x000000a6   Code   RO         3223    i.GPIO_Init         stm32f10x_gpio.o
    0x0800113e   0x0800113e   0x00000004   Code   RO         3230    i.GPIO_ResetBits    stm32f10x_gpio.o
    0x08001142   0x08001142   0x00000004   Code   RO         3231    i.GPIO_SetBits      stm32f10x_gpio.o
    0x08001146   0x08001146   0x00000002   PAD
    0x08001148   0x08001148   0x00000028   Code   RO         1423    i.IIC_Ack           iic.o
    0x08001170   0x08001170   0x00000034   Code   RO         1424    i.IIC_GPIO_Init     iic.o
    0x080011a4   0x080011a4   0x00000028   Code   RO         1425    i.IIC_NAck          iic.o
    0x080011cc   0x080011cc   0x00000064   Code   RO         1426    i.IIC_ReadByte      iic.o
    0x08001230   0x08001230   0x0000004a   Code   RO         1427    i.IIC_ReadByteFromSlave  iic.o
    0x0800127a   0x0800127a   0x0000006a   Code   RO         1428    i.IIC_ReadMultByteFromSlave  iic.o
    0x080012e4   0x080012e4   0x00000058   Code   RO         1429    i.IIC_SendByte      iic.o
    0x0800133c   0x0800133c   0x0000002c   Code   RO         1430    i.IIC_Start         iic.o
    0x08001368   0x08001368   0x0000002c   Code   RO         1431    i.IIC_Stop          iic.o
    0x08001394   0x08001394   0x00000048   Code   RO         1432    i.IIC_WaitAck       iic.o
    0x080013dc   0x080013dc   0x00000046   Code   RO         1433    i.IIC_WriteByteToSlave  iic.o
    0x08001422   0x08001422   0x00000002   PAD
    0x08001424   0x08001424   0x00000524   Code   RO         2401    i.IMUupdate         imu.o
    0x08001948   0x08001948   0x00000074   Code   RO         1534    i.LED_Init          led.o
    0x080019bc   0x080019bc   0x00000080   Code   RO         2510    i.LPButterworth     filter.o
    0x08001a3c   0x08001a3c   0x00000100   Code   RO         1623    i.MOTOR_Init        motor.o
    0x08001b3c   0x08001b3c   0x00000030   Code   RO         1664    i.MPU6050_Check     mpu6050.o
    0x08001b6c   0x08001b6c   0x0000004a   Code   RO         1666    i.MPU6050_Init      mpu6050.o
    0x08001bb6   0x08001bb6   0x00000002   PAD
    0x08001bb8   0x08001bb8   0x00000078   Code   RO         1667    i.MPU6050_OffSet    mpu6050.o
    0x08001c30   0x08001c30   0x000000d0   Code   RO         1668    i.MPU6050_Offset    mpu6050.o
    0x08001d00   0x08001d00   0x00000010   Code   RO         1669    i.MPU6050_Read      mpu6050.o
    0x08001d10   0x08001d10   0x00000016   Code   RO         1670    i.MPU6050_ReadByte  mpu6050.o
    0x08001d26   0x08001d26   0x00000018   Code   RO         1671    i.MPU6050_ReadMultBytes  mpu6050.o
    0x08001d3e   0x08001d3e   0x00000016   Code   RO         1673    i.MPU6050_WriteByte  mpu6050.o
    0x08001d54   0x08001d54   0x00000010   Code   RO         1675    i.MPU6050_getDeviceID  mpu6050.o
    0x08001d64   0x08001d64   0x00000012   Code   RO         1676    i.MPU6050_testConnection  mpu6050.o
    0x08001d76   0x08001d76   0x00000002   PAD
    0x08001d78   0x08001d78   0x00000050   Code   RO         1624    i.Moto_Pwm          motor.o
    0x08001dc8   0x08001dc8   0x00000064   Code   RO         2683    i.NVIC_Init         misc.o
    0x08001e2c   0x08001e2c   0x00000014   Code   RO         2684    i.NVIC_PriorityGroupConfig  misc.o
    0x08001e40   0x08001e40   0x000000a4   Code   RO         1796    i.NvicConfig        nvic.o
    0x08001ee4   0x08001ee4   0x000000dc   Code   RO         1286    i.PID_Postion_Cal   pid.o
    0x08001fc0   0x08001fc0   0x000000d8   Code   RO         1287    i.PidParameter_init  pid.o
    0x08002098   0x08002098   0x00000148   Code   RO         2402    i.Prepare_Data      imu.o
    0x080021e0   0x080021e0   0x0000001c   Code   RO         3345    i.RCC_APB1PeriphClockCmd  stm32f10x_rcc.o
    0x080021fc   0x080021fc   0x0000001c   Code   RO         3347    i.RCC_APB2PeriphClockCmd  stm32f10x_rcc.o
    0x08002218   0x08002218   0x000000ac   Code   RO         3355    i.RCC_GetClocksFreq  stm32f10x_rcc.o
    0x080022c4   0x080022c4   0x00000080   Code   RO         2061    i.Remote_Data_ReceiveAnalysis  rc.o
    0x08002344   0x08002344   0x00000024   Code   RO         1435    i.SDA_IN            iic.o
    0x08002368   0x08002368   0x0000002c   Code   RO         1436    i.SDA_OUT           iic.o
    0x08002394   0x08002394   0x00000004   Code   RO         2458    i.SetSysClock       system_stm32f10x.o
    0x08002398   0x08002398   0x000000b0   Code   RO         2459    i.SetSysClockTo72   system_stm32f10x.o
    0x08002448   0x08002448   0x000000bc   Code   RO         2513    i.Set_Cutoff_Frequency  filter.o
    0x08002504   0x08002504   0x0000002c   Code   RO          803    i.SysTick_Handler   port.o
    0x08002530   0x08002530   0x00000050   Code   RO         2461    i.SystemInit        system_stm32f10x.o
    0x08002580   0x08002580   0x0000003a   Code   RO         2278    i.System_Init       system.o
    0x080025ba   0x080025ba   0x00000002   PAD
    0x080025bc   0x080025bc   0x00000074   Code   RO         3711    i.TI1_Config        stm32f10x_tim.o
    0x08002630   0x08002630   0x0000007c   Code   RO         3712    i.TI2_Config        stm32f10x_tim.o
    0x080026ac   0x080026ac   0x00000078   Code   RO         3713    i.TI3_Config        stm32f10x_tim.o
    0x08002724   0x08002724   0x0000007c   Code   RO         3714    i.TI4_Config        stm32f10x_tim.o
    0x080027a0   0x080027a0   0x00000074   Code   RO         1108    i.TIM1_CC_IRQHandler  stm32f10x_it.o
    0x08002814   0x08002814   0x00000140   Code   RO         1109    i.TIM2_IRQHandler   stm32f10x_it.o
    0x08002954   0x08002954   0x000000dc   Code   RO         1110    i.TIM4_IRQHandler   stm32f10x_it.o
    0x08002a30   0x08002a30   0x00000006   Code   RO         3721    i.TIM_ClearFlag     stm32f10x_tim.o
    0x08002a36   0x08002a36   0x00000006   Code   RO         3722    i.TIM_ClearITPendingBit  stm32f10x_tim.o
    0x08002a3c   0x08002a3c   0x00000018   Code   RO         3727    i.TIM_Cmd           stm32f10x_tim.o
    0x08002a54   0x08002a54   0x00000004   Code   RO         3742    i.TIM_GetCapture1   stm32f10x_tim.o
    0x08002a58   0x08002a58   0x00000004   Code   RO         3743    i.TIM_GetCapture2   stm32f10x_tim.o
    0x08002a5c   0x08002a5c   0x00000004   Code   RO         3744    i.TIM_GetCapture3   stm32f10x_tim.o
    0x08002a60   0x08002a60   0x00000006   Code   RO         3745    i.TIM_GetCapture4   stm32f10x_tim.o
    0x08002a66   0x08002a66   0x00000018   Code   RO         3748    i.TIM_GetITStatus   stm32f10x_tim.o
    0x08002a7e   0x08002a7e   0x00000002   PAD
    0x08002a80   0x08002a80   0x0000008c   Code   RO         3750    i.TIM_ICInit        stm32f10x_tim.o
    0x08002b0c   0x08002b0c   0x00000014   Code   RO         3752    i.TIM_ITConfig      stm32f10x_tim.o
    0x08002b20   0x08002b20   0x00000088   Code   RO         3756    i.TIM_OC1Init       stm32f10x_tim.o
    0x08002ba8   0x08002ba8   0x0000000c   Code   RO         3758    i.TIM_OC1PolarityConfig  stm32f10x_tim.o
    0x08002bb4   0x08002bb4   0x0000000c   Code   RO         3759    i.TIM_OC1PreloadConfig  stm32f10x_tim.o
    0x08002bc0   0x08002bc0   0x00000088   Code   RO         3761    i.TIM_OC2Init       stm32f10x_tim.o
    0x08002c48   0x08002c48   0x00000014   Code   RO         3763    i.TIM_OC2PolarityConfig  stm32f10x_tim.o
    0x08002c5c   0x08002c5c   0x00000014   Code   RO         3764    i.TIM_OC2PreloadConfig  stm32f10x_tim.o
    0x08002c70   0x08002c70   0x00000084   Code   RO         3766    i.TIM_OC3Init       stm32f10x_tim.o
    0x08002cf4   0x08002cf4   0x00000014   Code   RO         3768    i.TIM_OC3PolarityConfig  stm32f10x_tim.o
    0x08002d08   0x08002d08   0x0000000c   Code   RO         3769    i.TIM_OC3PreloadConfig  stm32f10x_tim.o
    0x08002d14   0x08002d14   0x00000068   Code   RO         3771    i.TIM_OC4Init       stm32f10x_tim.o
    0x08002d7c   0x08002d7c   0x00000014   Code   RO         3772    i.TIM_OC4PolarityConfig  stm32f10x_tim.o
    0x08002d90   0x08002d90   0x00000014   Code   RO         3773    i.TIM_OC4PreloadConfig  stm32f10x_tim.o
    0x08002da4   0x08002da4   0x00000010   Code   RO         3793    i.TIM_SetIC1Prescaler  stm32f10x_tim.o
    0x08002db4   0x08002db4   0x00000018   Code   RO         3794    i.TIM_SetIC2Prescaler  stm32f10x_tim.o
    0x08002dcc   0x08002dcc   0x00000010   Code   RO         3795    i.TIM_SetIC3Prescaler  stm32f10x_tim.o
    0x08002ddc   0x08002ddc   0x00000018   Code   RO         3796    i.TIM_SetIC4Prescaler  stm32f10x_tim.o
    0x08002df4   0x08002df4   0x0000009c   Code   RO         3798    i.TIM_TimeBaseInit  stm32f10x_tim.o
    0x08002e90   0x08002e90   0x00000028   Code   RO         2279    i.Task_Schedule     system.o
    0x08002eb8   0x08002eb8   0x00000034   Code   RO         1111    i.USART1_IRQHandler  stm32f10x_it.o
    0x08002eec   0x08002eec   0x00000010   Code   RO         4272    i.USART_ClearITPendingBit  stm32f10x_usart.o
    0x08002efc   0x08002efc   0x00000018   Code   RO         4275    i.USART_Cmd         stm32f10x_usart.o
    0x08002f14   0x08002f14   0x00000040   Code   RO         4279    i.USART_GetITStatus  stm32f10x_usart.o
    0x08002f54   0x08002f54   0x00000036   Code   RO         4281    i.USART_ITConfig    stm32f10x_usart.o
    0x08002f8a   0x08002f8a   0x00000002   PAD
    0x08002f8c   0x08002f8c   0x000000bc   Code   RO         4282    i.USART_Init        stm32f10x_usart.o
    0x08003048   0x08003048   0x00000094   Code   RO         2352    i.USART_init        usart.o
    0x080030dc   0x080030dc   0x00000020   Code   RO         4739    i.__0printf         mc_w.l(printfa.o)
    0x080030fc   0x080030fc   0x00000028   Code   RO         4821    i.__ARM_fpclassify  m_ws.l(fpclassify.o)
    0x08003124   0x08003124   0x00000026   Code   RO         4823    i.__ARM_fpclassifyf  m_ws.l(fpclassifyf.o)
    0x0800314a   0x0800314a   0x000000aa   Code   RO         4839    i.__kernel_poly     m_ws.l(poly.o)
    0x080031f4   0x080031f4   0x00000006   Code   RO         4808    i.__mathlib_dbl_infnan  m_ws.l(dunder.o)
    0x080031fa   0x080031fa   0x00000004   Code   RO         4809    i.__mathlib_dbl_infnan2  m_ws.l(dunder.o)
    0x080031fe   0x080031fe   0x0000000c   Code   RO         4810    i.__mathlib_dbl_invalid  m_ws.l(dunder.o)
    0x0800320a   0x0800320a   0x00000002   PAD
    0x0800320c   0x0800320c   0x00000010   Code   RO         4813    i.__mathlib_dbl_underflow  m_ws.l(dunder.o)
    0x0800321c   0x0800321c   0x00000006   Code   RO         4826    i.__mathlib_flt_infnan  m_ws.l(funder.o)
    0x08003222   0x08003222   0x00000008   Code   RO         4828    i.__mathlib_flt_invalid  m_ws.l(funder.o)
    0x0800322a   0x0800322a   0x0000000a   Code   RO         4831    i.__mathlib_flt_underflow  m_ws.l(funder.o)
    0x08003234   0x08003234   0x00000168   Code   RO         4842    i.__mathlib_rredf2  m_ws.l(rredf.o)
    0x0800339c   0x0800339c   0x0000000e   Code   RO         4907    i.__scatterload_copy  mc_w.l(handlers.o)
    0x080033aa   0x080033aa   0x00000002   Code   RO         4908    i.__scatterload_null  mc_w.l(handlers.o)
    0x080033ac   0x080033ac   0x0000000e   Code   RO         4909    i.__scatterload_zeroinit  mc_w.l(handlers.o)
    0x080033ba   0x080033ba   0x00000002   PAD
    0x080033bc   0x080033bc   0x0000000c   Code   RO         4879    i.__set_errno       mc_w.l(errno.o)
    0x080033c8   0x080033c8   0x00000184   Code   RO         4746    i._fp_digits        mc_w.l(printfa.o)
    0x0800354c   0x0800354c   0x000006b4   Code   RO         4747    i._printf_core      mc_w.l(printfa.o)
    0x08003c00   0x08003c00   0x00000024   Code   RO         4748    i._printf_post_padding  mc_w.l(printfa.o)
    0x08003c24   0x08003c24   0x0000002e   Code   RO         4749    i._printf_pre_padding  mc_w.l(printfa.o)
    0x08003c52   0x08003c52   0x00000002   PAD
    0x08003c54   0x08003c54   0x00000270   Code   RO         4461    i.asin              m_ws.l(asin.o)
    0x08003ec4   0x08003ec4   0x00000220   Code   RO         4798    i.atan              m_ws.l(atan.o)
    0x080040e4   0x080040e4   0x0000019c   Code   RO         4471    i.atan2             m_ws.l(atan2.o)
    0x08004280   0x08004280   0x0000017c   Code   RO         4479    i.cosf              m_ws.l(cosf.o)
    0x080043fc   0x080043fc   0x00000044   Code   RO         2280    i.ctrl              system.o
    0x08004440   0x08004440   0x0000001c   Code   RO          932    i.fputc             main.o
    0x0800445c   0x0800445c   0x00000038   Code   RO         2403    i.invSqrt           imu.o
    0x08004494   0x08004494   0x000000ec   Code   RO         1535    i.led_task          led.o
    0x08004580   0x08004580   0x0000002c   Code   RO          933    i.main              main.o
    0x080045ac   0x080045ac   0x00000070   Code   RO          472    i.prvAddCurrentTaskToDelayedList  tasks.o
    0x0800461c   0x0800461c   0x00000088   Code   RO          473    i.prvAddNewTaskToReadyList  tasks.o
    0x080046a4   0x080046a4   0x0000003c   Code   RO          474    i.prvCheckTasksWaitingTermination  tasks.o
    0x080046e0   0x080046e0   0x00000014   Code   RO          475    i.prvDeleteTCB      tasks.o
    0x080046f4   0x080046f4   0x0000004c   Code   RO          874    i.prvHeapInit       heap_4.o
    0x08004740   0x08004740   0x00000028   Code   RO          476    i.prvIdleTask       tasks.o
    0x08004768   0x08004768   0x0000007e   Code   RO          477    i.prvInitialiseNewTask  tasks.o
    0x080047e6   0x080047e6   0x00000002   PAD
    0x080047e8   0x080047e8   0x00000058   Code   RO          478    i.prvInitialiseTaskLists  tasks.o
    0x08004840   0x08004840   0x00000054   Code   RO          875    i.prvInsertBlockIntoFreeList  heap_4.o
    0x08004894   0x08004894   0x00000020   Code   RO          479    i.prvResetNextTaskUnblockTime  tasks.o
    0x080048b4   0x080048b4   0x00000010   Code   RO          804    i.prvTaskExitError  port.o
    0x080048c4   0x080048c4   0x000000b4   Code   RO          876    i.pvPortMalloc      heap_4.o
    0x08004978   0x08004978   0x0000001c   Code   RO          805    i.pxPortInitialiseStack  port.o
    0x08004994   0x08004994   0x00000138   Code   RO         2518    i.sliding_average_filter  filter.o
    0x08004acc   0x08004acc   0x0000004c   Code   RO         4846    i.sqrt              m_ws.l(sqrt.o)
    0x08004b18   0x08004b18   0x00000174   Code   RO         4487    i.tanf              m_ws.l(tanf.o)
    0x08004c8c   0x08004c8c   0x0000006c   Code   RO         2281    i.task_creat_list   system.o
    0x08004cf8   0x08004cf8   0x00000026   Code   RO          137    i.uxListRemove      list.o
    0x08004d1e   0x08004d1e   0x00000016   Code   RO          138    i.vListInitialise   list.o
    0x08004d34   0x08004d34   0x00000006   Code   RO          139    i.vListInitialiseItem  list.o
    0x08004d3a   0x08004d3a   0x00000030   Code   RO          140    i.vListInsert       list.o
    0x08004d6a   0x08004d6a   0x00000018   Code   RO          141    i.vListInsertEnd    list.o
    0x08004d82   0x08004d82   0x00000002   PAD
    0x08004d84   0x08004d84   0x0000001c   Code   RO          807    i.vPortEnterCritical  port.o
    0x08004da0   0x08004da0   0x00000018   Code   RO          808    i.vPortExitCritical  port.o
    0x08004db8   0x08004db8   0x00000044   Code   RO          877    i.vPortFree         heap_4.o
    0x08004dfc   0x08004dfc   0x00000016   Code   RO          809    i.vPortSetupTimerInterrupt  port.o
    0x08004e12   0x08004e12   0x00000002   PAD
    0x08004e14   0x08004e14   0x00000098   Code   RO          489    i.vTaskDelete       tasks.o
    0x08004eac   0x08004eac   0x00000050   Code   RO          501    i.vTaskStartScheduler  tasks.o
    0x08004efc   0x08004efc   0x00000010   Code   RO          503    i.vTaskSuspendAll   tasks.o
    0x08004f0c   0x08004f0c   0x00000048   Code   RO          504    i.vTaskSwitchContext  tasks.o
    0x08004f54   0x08004f54   0x00000058   Code   RO         2616    i.xInit_Kalman      kalman.o
    0x08004fac   0x08004fac   0x00000030   Code   RO          810    i.xPortStartScheduler  port.o
    0x08004fdc   0x08004fdc   0x00000060   Code   RO          507    i.xTaskCreate       tasks.o
    0x0800503c   0x0800503c   0x0000005c   Code   RO          508    i.xTaskDelayUntil   tasks.o
    0x08005098   0x08005098   0x0000000c   Code   RO          514    i.xTaskGetTickCount  tasks.o
    0x080050a4   0x080050a4   0x000000b8   Code   RO          516    i.xTaskIncrementTick  tasks.o
    0x0800515c   0x0800515c   0x000000b4   Code   RO          520    i.xTaskResumeAll    tasks.o
    0x08005210   0x08005210   0x000001d4   Code   RO         2617    i.xgetAngle         kalman.o
    0x080053e4   0x080053e4   0x0000005c   Code   RO         2618    i.yInit_Kalman      kalman.o
    0x08005440   0x08005440   0x000001d8   Code   RO         2619    i.ygetAngle         kalman.o
    0x08005618   0x08005618   0x0000005c   Code   RO         2620    i.zInit_Kalman      kalman.o
    0x08005674   0x08005674   0x00000021   Data   RO         2282    .constdata          system.o
    0x08005695   0x08005695   0x00000003   PAD
    0x08005698   0x08005698   0x00000024   Data   RO         2408    .constdata          imu.o
    0x080056bc   0x080056bc   0x00000004   PAD
    0x080056c0   0x080056c0   0x00000050   Data   RO         4462    .constdata          m_ws.l(asin.o)
    0x08005710   0x08005710   0x00000098   Data   RO         4799    .constdata          m_ws.l(atan.o)
    0x080057a8   0x080057a8   0x00000008   Data   RO         4841    .constdata          m_ws.l(qnan.o)
    0x080057b0   0x080057b0   0x00000020   Data   RO         4843    .constdata          m_ws.l(rredf.o)
    0x080057d0   0x080057d0   0x00000009   Data   RO         2283    .conststring        system.o
    0x080057d9   0x080057d9   0x00000003   PAD
    0x080057dc   0x080057dc   0x00000020   Data   RO         4905    Region$$Table       anon$$obj.o


    Execution Region RW_IRAM1 (Exec base: 0x20000000, Load base: 0x080057fc, Size: 0x00004c78, Max: 0x00005000, ABSOLUTE, COMPRESSED[0x00000044])

    Exec Addr    Load Addr    Size         Type   Attr      Idx    E Section Name        Object

    0x20000000   COMPRESSED   0x00000040   Data   RW          523    .data               tasks.o
    0x20000040   COMPRESSED   0x00000004   Data   RW          811    .data               port.o
    0x20000044   COMPRESSED   0x00000020   Data   RW          883    .data               heap_4.o
    0x20000064   COMPRESSED   0x00000014   Data   RW         1112    .data               stm32f10x_it.o
    0x20000078   COMPRESSED   0x00000001   Data   RW         1116    .data               stm32f10x_it.o
    0x20000079   COMPRESSED   0x00000003   PAD
    0x2000007c   COMPRESSED   0x00000020   Data   RW         1173    .data               control.o
    0x2000009c   COMPRESSED   0x00000001   Data   RW         1177    .data               control.o
    0x2000009d   COMPRESSED   0x00000001   PAD
    0x2000009e   COMPRESSED   0x00000004   Data   RW         1325    .data               delay.o
    0x200000a2   COMPRESSED   0x00000002   PAD
    0x200000a4   COMPRESSED   0x00000008   Data   RW         1537    .data               led.o
    0x200000ac   COMPRESSED   0x00000040   Data   RW         1678    .data               mpu6050.o
    0x200000ec   COMPRESSED   0x00000020   Data   RW         2063    .data               rc.o
    0x2000010c   COMPRESSED   0x00000008   Data   RW         2064    .data               rc.o
    0x20000114   COMPRESSED   0x00000004   Data   RW         2355    .data               usart.o
    0x20000118   COMPRESSED   0x00000020   Data   RW         2409    .data               imu.o
    0x20000138   COMPRESSED   0x00000018   Data   RW         2520    .data               filter.o
    0x20000150   COMPRESSED   0x000000c0   Data   RW         2623    .data               kalman.o
    0x20000210   COMPRESSED   0x00000014   Data   RW         3375    .data               stm32f10x_rcc.o
    0x20000224   COMPRESSED   0x00000004   Data   RW         4880    .data               mc_w.l(errno.o)
    0x20000228        -       0x000000c8   Zero   RW          522    .bss                tasks.o
    0x200002f0        -       0x00003c00   Zero   RW          882    .bss                heap_4.o
    0x20003ef0        -       0x00000168   Zero   RW         1172    .bss                control.o
    0x20004058        -       0x00000058   Zero   RW         1677    .bss                mpu6050.o
    0x200040b0        -       0x0000000a   Zero   RW         2062    .bss                rc.o
    0x200040ba   COMPRESSED   0x00000002   PAD
    0x200040bc        -       0x0000000c   Zero   RW         2404    .bss                imu.o
    0x200040c8        -       0x00000054   Zero   RW         2405    .bss                imu.o
    0x2000411c        -       0x000006c8   Zero   RW         2519    .bss                filter.o
    0x200047e4   COMPRESSED   0x00000004   PAD
    0x200047e8        -       0x00000090   Zero   RW         2622    .bss                kalman.o
    0x20004878        -       0x00000400   Zero   RW         2448    STACK               startup_stm32f10x_md.o


==============================================================================

Image component sizes


      Code (inc. data)   RO Data    RW Data    ZI Data      Debug   Object Name

       620         38          0         33        360       6174   control.o
         0          0          0          0          0      11928   croutine.o
        96         12          0          4          0       1234   delay.o
         0          0          0          0          0       2404   event_groups.o
       784         64          0         24       1736      10842   filter.o
       408         24          0         32      15360       4219   heap_4.o
       810         46          0          0          0       7770   iic.o
      1700        114         36         32         96       8490   imu.o
      1212        116          0        192        144       4180   kalman.o
       352         26          0          8          0       1856   led.o
       138          0          0          0          0       3298   list.o
        72         18          0          0          0     256988   main.o
       120         14          0          0          0       1895   misc.o
       336         16          0          0          0       1404   motor.o
       632         58          0         64         88      11207   mpu6050.o
       164          0          0          0          0        593   nvic.o
       436         70          0          0          0       1574   pid.o
       360         42          0          4          0       9464   port.o
       482         22          0         40         10       9311   rc.o
        36          8        236          0       1024        820   startup_stm32f10x_md.o
       174          0          0          0          0       3492   stm32f10x_gpio.o
       708         62          0         21          0       3100   stm32f10x_it.o
       228         30          0         20          0       5022   stm32f10x_rcc.o
      1602        196          0          0          0      23611   stm32f10x_tim.o
       346          6          0          0          0       5952   stm32f10x_usart.o
       274         64         42          0          0       2921   system.o
       260         26          0          0          0       2005   system_stm32f10x.o
      1498        130          0         64        200      26894   tasks.o
       148         10          0          4          0       2403   usart.o

    ----------------------------------------------------------------------
     14020       1212        356        548      19024     431051   Object Totals
         0          0         32          0          0          0   (incl. Generated)
        24          0         10          6          6          0   (incl. Padding)

    ----------------------------------------------------------------------

      Code (inc. data)   RO Data    RW Data    ZI Data      Debug   Library Member Name

       624         52         80          0          0        168   asin.o
       544         70        152          0          0        124   atan.o
       412         38          0          0          0        144   atan2.o
       380         52          0          0          0        124   cosf.o
        38          6          0          0          0        272   dunder.o
        40          0          0          0          0         68   fpclassify.o
        38          0          0          0          0         68   fpclassifyf.o
        24          0          0          0          0        204   funder.o
       170          0          0          0          0         96   poly.o
         0          0          8          0          0          0   qnan.o
       360         16         32          0          0         88   rredf.o
        76          0          0          0          0         84   sqrt.o
       372         58          0          0          0        124   tanf.o
        86          0          0          0          0          0   __dczerorl2.o
         0          0          0          0          0          0   entry.o
         0          0          0          0          0          0   entry10a.o
         0          0          0          0          0          0   entry11a.o
         4          0          0          0          0          0   entry12b.o
         8          4          0          0          0          0   entry2.o
         4          0          0          0          0          0   entry5.o
         0          0          0          0          0          0   entry7b.o
         0          0          0          0          0          0   entry8b.o
         8          4          0          0          0          0   entry9a.o
        12          6          0          4          0         68   errno.o
        30          0          0          0          0          0   handlers.o
        36          8          0          0          0         68   init.o
         0          0          0          0          0          0   iusefp.o
        30          0          0          0          0         68   llshl.o
        36          0          0          0          0         68   llsshr.o
        32          0          0          0          0         68   llushr.o
        36          0          0          0          0         68   memcpya.o
      2218         90          0          0          0        464   printfa.o
        44          0          0          0          0         80   uidiv.o
        98          0          0          0          0         92   uldiv.o
        48          0          0          0          0         68   cdcmple.o
        48          0          0          0          0         68   cdrcmple.o
        20          0          0          0          0         68   cfrcmple.o
        56          0          0          0          0         88   d2f.o
       334          0          0          0          0        148   dadd.o
       222          0          0          0          0        100   ddiv.o
       186          0          0          0          0        176   depilogue.o
        48          0          0          0          0         68   dfixul.o
       228          0          0          0          0         96   dmul.o
        46          0          0          0          0         80   dscalb.o
       162          0          0          0          0        100   dsqrt.o
        38          0          0          0          0         68   f2d.o
       176          0          0          0          0        140   fadd.o
       124          0          0          0          0         88   fdiv.o
       110          0          0          0          0        168   fepilogue.o
        50          0          0          0          0         68   ffixi.o
        18          0          0          0          0         68   fflti.o
        10          0          0          0          0         68   ffltui.o
       100          0          0          0          0         76   fmul.o
        60          0          0          0          0         76   frnd.o
        24          0          0          0          0         68   fscalb.o

    ----------------------------------------------------------------------
      7876        404        272          4          0       4556   Library Totals
         8          0          0          0          0          0   (incl. Padding)

    ----------------------------------------------------------------------

      Code (inc. data)   RO Data    RW Data    ZI Data      Debug   Library Name

      3078        292        272          0          0       1564   m_ws.l
      2682        112          0          4          0       1044   mc_w.l
      2108          0          0          0          0       1948   mf_w.l

    ----------------------------------------------------------------------
      7876        404        272          4          0       4556   Library Totals

    ----------------------------------------------------------------------

==============================================================================


      Code (inc. data)   RO Data    RW Data    ZI Data      Debug   

     21896       1616        628        552      19024     426115   Grand Totals
     21896       1616        628         68      19024     426115   ELF Image Totals (compressed)
     21896       1616        628         68          0          0   ROM Totals

==============================================================================

    Total RO  Size (Code + RO Data)                22524 (  22.00kB)
    Total RW  Size (RW Data + ZI Data)             19576 (  19.12kB)
    Total ROM Size (Code + RO Data + RW Data)      22592 (  22.06kB)

==============================================================================

