Component: ARM Compiler 5.06 update 6 (build 750) Tool: armlink [4d35ed]

==============================================================================

Section Cross References

    main.o(i.main) refers to system.o(i.System_Init) for System_Init
    main.o(i.main) refers to system.o(i.Task_Schedule) for Task_Schedule
    stm32f10x_it.o(i.TIM1_CC_IRQHandler) refers to stm32f10x_tim.o(i.TIM_GetITStatus) for TIM_GetITStatus
    stm32f10x_it.o(i.TIM1_CC_IRQHandler) refers to stm32f10x_tim.o(i.TIM_GetCapture1) for TIM_GetCapture1
    stm32f10x_it.o(i.TIM1_CC_IRQHandler) refers to stm32f10x_tim.o(i.TIM_OC1PolarityConfig) for TIM_OC1PolarityConfig
    stm32f10x_it.o(i.TIM1_CC_IRQHandler) refers to stm32f10x_tim.o(i.TIM_ClearITPendingBit) for TIM_ClearITPendingBit
    stm32f10x_it.o(i.TIM1_CC_IRQHandler) refers to rc.o(.data) for TIM_ICUserValueStructure_5
    stm32f10x_it.o(i.TIM1_CC_IRQHandler) refers to rc.o(.bss) for RC_Control
    stm32f10x_it.o(i.TIM2_IRQHandler) refers to stm32f10x_tim.o(i.TIM_GetITStatus) for TIM_GetITStatus
    stm32f10x_it.o(i.TIM2_IRQHandler) refers to stm32f10x_tim.o(i.TIM_ClearITPendingBit) for TIM_ClearITPendingBit
    stm32f10x_it.o(i.TIM2_IRQHandler) refers to stm32f10x_tim.o(i.TIM_GetCapture1) for TIM_GetCapture1
    stm32f10x_it.o(i.TIM2_IRQHandler) refers to stm32f10x_tim.o(i.TIM_OC1PolarityConfig) for TIM_OC1PolarityConfig
    stm32f10x_it.o(i.TIM2_IRQHandler) refers to stm32f10x_tim.o(i.TIM_GetCapture2) for TIM_GetCapture2
    stm32f10x_it.o(i.TIM2_IRQHandler) refers to stm32f10x_tim.o(i.TIM_OC2PolarityConfig) for TIM_OC2PolarityConfig
    stm32f10x_it.o(i.TIM2_IRQHandler) refers to stm32f10x_tim.o(i.TIM_GetCapture3) for TIM_GetCapture3
    stm32f10x_it.o(i.TIM2_IRQHandler) refers to stm32f10x_tim.o(i.TIM_OC3PolarityConfig) for TIM_OC3PolarityConfig
    stm32f10x_it.o(i.TIM2_IRQHandler) refers to stm32f10x_tim.o(i.TIM_GetCapture4) for TIM_GetCapture4
    stm32f10x_it.o(i.TIM2_IRQHandler) refers to stm32f10x_tim.o(i.TIM_OC4PolarityConfig) for TIM_OC4PolarityConfig
    stm32f10x_it.o(i.TIM2_IRQHandler) refers to rc.o(i.Remote_Data_ReceiveAnalysis) for Remote_Data_ReceiveAnalysis
    stm32f10x_it.o(i.TIM2_IRQHandler) refers to rc.o(.data) for TIM_ICUserValueStructure_1
    stm32f10x_it.o(i.TIM4_IRQHandler) refers to stm32f10x_tim.o(i.TIM_GetITStatus) for TIM_GetITStatus
    stm32f10x_it.o(i.TIM4_IRQHandler) refers to f2d.o(.text) for __aeabi_f2d
    stm32f10x_it.o(i.TIM4_IRQHandler) refers to cdcmple.o(.text) for __aeabi_cdcmple
    stm32f10x_it.o(i.TIM4_IRQHandler) refers to printfa.o(i.__0printf) for __2printf
    stm32f10x_it.o(i.TIM4_IRQHandler) refers to stm32f10x_tim.o(i.TIM_ClearITPendingBit) for TIM_ClearITPendingBit
    stm32f10x_it.o(i.TIM4_IRQHandler) refers to stm32f10x_it.o(.data) for ms2
    stm32f10x_it.o(i.TIM4_IRQHandler) refers to imu.o(.bss) for Att_Angle
    stm32f10x_it.o(i.USART1_IRQHandler) refers to stm32f10x_usart.o(i.USART_GetITStatus) for USART_GetITStatus
    stm32f10x_it.o(i.USART1_IRQHandler) refers to stm32f10x_usart.o(i.USART_ClearITPendingBit) for USART_ClearITPendingBit
    led.o(i.LEDB_1) refers to delay.o(i.Delay_ms) for Delay_ms
    led.o(i.LEDB_2) refers to delay.o(i.Delay_ms) for Delay_ms
    led.o(i.LEDB_3) refers to delay.o(i.Delay_ms) for Delay_ms
    led.o(i.LEDG_1) refers to delay.o(i.Delay_ms) for Delay_ms
    led.o(i.LEDG_2) refers to delay.o(i.Delay_ms) for Delay_ms
    led.o(i.LEDG_3) refers to delay.o(i.Delay_ms) for Delay_ms
    led.o(i.LEDR_1) refers to delay.o(i.Delay_ms) for Delay_ms
    led.o(i.LEDR_2) refers to delay.o(i.Delay_ms) for Delay_ms
    led.o(i.LEDR_3) refers to delay.o(i.Delay_ms) for Delay_ms
    led.o(i.LED_Init) refers to stm32f10x_rcc.o(i.RCC_APB2PeriphClockCmd) for RCC_APB2PeriphClockCmd
    led.o(i.LED_Init) refers to stm32f10x_gpio.o(i.GPIO_Init) for GPIO_Init
    led.o(i.LED_Init) refers to stm32f10x_gpio.o(i.GPIO_ResetBits) for GPIO_ResetBits
    delay.o(i.Delay_Init) refers to misc.o(i.SysTick_CLKSourceConfig) for SysTick_CLKSourceConfig
    delay.o(i.Delay_Init) refers to system_stm32f10x.o(.data) for SystemCoreClock
    delay.o(i.Delay_Init) refers to delay.o(.data) for D_us
    delay.o(i.Delay_ms) refers to delay.o(.data) for D_ms
    delay.o(i.Delay_us) refers to delay.o(.data) for D_us
    tim.o(i.TIM_Init) refers to stm32f10x_rcc.o(i.RCC_APB1PeriphClockCmd) for RCC_APB1PeriphClockCmd
    tim.o(i.TIM_Init) refers to stm32f10x_tim.o(i.TIM_TimeBaseInit) for TIM_TimeBaseInit
    tim.o(i.TIM_Init) refers to stm32f10x_tim.o(i.TIM_ITConfig) for TIM_ITConfig
    tim.o(i.TIM_Init) refers to stm32f10x_tim.o(i.TIM_Cmd) for TIM_Cmd
    nvic.o(i.NvicConfig) refers to misc.o(i.NVIC_PriorityGroupConfig) for NVIC_PriorityGroupConfig
    nvic.o(i.NvicConfig) refers to misc.o(i.NVIC_Init) for NVIC_Init
    motor.o(i.MOTOR_Init) refers to stm32f10x_rcc.o(i.RCC_APB2PeriphClockCmd) for RCC_APB2PeriphClockCmd
    motor.o(i.MOTOR_Init) refers to stm32f10x_rcc.o(i.RCC_APB1PeriphClockCmd) for RCC_APB1PeriphClockCmd
[...]
    .text                                    0x0800068c   Section        0  d2f.o(.text)
    .text                                    0x080006c4   Section       20  cfcmple.o(.text)
    .text                                    0x080006d8   Section       20  cfrcmple.o(.text)
    .text                                    0x080006ec   Section        0  uidiv.o(.text)
    .text                                    0x08000718   Section        0  uldiv.o(.text)
    .text                                    0x0800077a   Section        0  llshl.o(.text)
    .text                                    0x08000798   Section        0  llsshr.o(.text)
    .text                                    0x080007bc   Section        0  iusefp.o(.text)
    .text                                    0x080007bc   Section        0  fepilogue.o(.text)
    .text                                    0x0800082a   Section        0  frnd.o(.text)
    .text                                    0x08000866   Section        0  depilogue.o(.text)
    .text                                    0x08000920   Section        0  dscalb.o(.text)
    .text                                    0x0800094e   Section        0  dfixul.o(.text)
    .text                                    0x08000980   Section       48  cdrcmple.o(.text)
    .text                                    0x080009b0   Section       36  init.o(.text)
    .text                                    0x080009d4   Section        0  llushr.o(.text)
    .text                                    0x080009f4   Section        0  fscalb.o(.text)
    .text                                    0x08000a0c   Section        0  dsqrt.o(.text)
    .text                                    0x08000aae   Section        0  __dczerorl2.o(.text)
    i.Acce_Correct_Filter                    0x08000b04   Section        0  mpu6050.o(i.Acce_Correct_Filter)
    i.Butterworth_Parameter_Init             0x08000b54   Section        0  filter.o(i.Butterworth_Parameter_Init)
    i.Control                                0x08000bfc   Section        0  control.o(i.Control)
    i.Delay_Init                             0x08000f64   Section        0  delay.o(i.Delay_Init)
    i.Delay_ms                               0x08000fa8   Section        0  delay.o(i.Delay_ms)
    i.Delay_us                               0x08000ff0   Section        0  delay.o(i.Delay_us)
    i.GENERAL_TIM_GPIO_Config                0x08001038   Section        0  rc.o(i.GENERAL_TIM_GPIO_Config)
    GENERAL_TIM_GPIO_Config                  0x08001039   Thumb Code    34  rc.o(i.GENERAL_TIM_GPIO_Config)
    i.GENERAL_TIM_Init                       0x08001060   Section        0  rc.o(i.GENERAL_TIM_Init)
    i.GENERAL_TIM_Mode_Config                0x0800106c   Section        0  rc.o(i.GENERAL_TIM_Mode_Config)
    GENERAL_TIM_Mode_Config                  0x0800106d   Thumb Code   336  rc.o(i.GENERAL_TIM_Mode_Config)
    i.GPIO_Init                              0x080011c0   Section        0  stm32f10x_gpio.o(i.GPIO_Init)
    i.GPIO_ResetBits                         0x080012d6   Section        0  stm32f10x_gpio.o(i.GPIO_ResetBits)
    i.GPIO_SetBits                           0x080012da   Section        0  stm32f10x_gpio.o(i.GPIO_SetBits)
    i.IIC_Ack                                0x080012e0   Section        0  iic.o(i.IIC_Ack)
    i.IIC_GPIO_Init                          0x08001314   Section        0  iic.o(i.IIC_GPIO_Init)
    i.IIC_NAck                               0x08001348   Section        0  iic.o(i.IIC_NAck)
    i.IIC_ReadByte                           0x0800137c   Section        0  iic.o(i.IIC_ReadByte)
    i.IIC_ReadByteFromSlave                  0x080013d4   Section        0  iic.o(i.IIC_ReadByteFromSlave)
    i.IIC_ReadMultByteFromSlave              0x0800141e   Section        0  iic.o(i.IIC_ReadMultByteFromSlave)
    i.IIC_SendByte                           0x08001490   Section        0  iic.o(i.IIC_SendByte)
    i.IIC_Start                              0x080014ec   Section        0  iic.o(i.IIC_Start)
    i.IIC_Stop                               0x08001520   Section        0  iic.o(i.IIC_Stop)
    i.IIC_WaitAck                            0x08001550   Section        0  iic.o(i.IIC_WaitAck)
    i.IIC_WriteByteToSlave                   0x080015a0   Section        0  iic.o(i.IIC_WriteByteToSlave)
    i.IMUupdate                              0x080015e8   Section        0  imu.o(i.IMUupdate)
    i.LED_Init                               0x08001cd0   Section        0  led.o(i.LED_Init)
    i.LPButterworth                          0x08001d4c   Section        0  filter.o(i.LPButterworth)
    i.MOTOR_Init                             0x08001ddc   Section        0  motor.o(i.MOTOR_Init)
    i.MPU6050_Check                          0x08001ef4   Section        0  mpu6050.o(i.MPU6050_Check)
    i.MPU6050_Init                           0x08001f24   Section        0  mpu6050.o(i.MPU6050_Init)
    i.MPU6050_OffSet                         0x08001f74   Section        0  mpu6050.o(i.MPU6050_OffSet)
    i.MPU6050_Offset                         0x08002034   Section        0  mpu6050.o(i.MPU6050_Offset)
    i.MPU6050_Read                           0x08002150   Section        0  mpu6050.o(i.MPU6050_Read)
    i.MPU6050_ReadByte                       0x08002164   Section        0  mpu6050.o(i.MPU6050_ReadByte)
    i.MPU6050_ReadMultBytes                  0x0800217e   Section        0  mpu6050.o(i.MPU6050_ReadMultBytes)
    i.MPU6050_WriteByte                      0x0800219c   Section        0  mpu6050.o(i.MPU6050_WriteByte)
    i.MPU6050_getDeviceID                    0x080021b6   Section        0  mpu6050.o(i.MPU6050_getDeviceID)
    i.MPU6050_testConnection                 0x080021c6   Section        0  mpu6050.o(i.MPU6050_testConnection)
    i.Moto_Pwm                               0x080021d8   Section        0  motor.o(i.Moto_Pwm)
    i.NVIC_Init                              0x08002240   Section        0  misc.o(i.NVIC_Init)
    i.NVIC_PriorityGroupConfig               0x080022b0   Section        0  misc.o(i.NVIC_PriorityGroupConfig)
    i.NvicConfig                             0x080022c4   Section        0  nvic.o(i.NvicConfig)
    i.PID_Postion_Cal                        0x08002378   Section        0  pid.o(i.PID_Postion_Cal)
    i.PidParameter_init                      0x08002464   Section        0  pid.o(i.PidParameter_init)
    i.Prepare_Data                           0x08002550   Section        0  imu.o(i.Prepare_Data)
    i.RCC_APB1PeriphClockCmd                 0x080026d8   Section        0  stm32f10x_rcc.o(i.RCC_APB1PeriphClockCmd)
    i.RCC_APB2PeriphClockCmd                 0x080026f8   Section        0  stm32f10x_rcc.o(i.RCC_APB2PeriphClockCmd)
    i.RCC_GetClocksFreq                      0x08002718   Section        0  stm32f10x_rcc.o(i.RCC_GetClocksFreq)
    i.Remote_Data_ReceiveAnalysis            0x080027ec   Section        0  rc.o(i.Remote_Data_ReceiveAnalysis)
    i.SDA_IN                                 0x08002894   Section        0  iic.o(i.SDA_IN)
    i.SDA_OUT                                0x080028b8   Section        0  iic.o(i.SDA_OUT)
    i.SetSysClock                            0x080028e4   Section        0  system_stm32f10x.o(i.SetSysClock)
    SetSysClock                              0x080028e5   Thumb Code     8  system_stm32f10x.o(i.SetSysClock)
    i.SetSysClockTo72                        0x080028ec   Section        0  system_stm32f10x.o(i.SetSysClockTo72)
    SetSysClockTo72                          0x080028ed   Thumb Code   214  system_stm32f10x.o(i.SetSysClockTo72)
    i.Set_Cutoff_Frequency                   0x080029cc   Section        0  filter.o(i.Set_Cutoff_Frequency)
    i.SysTick_CLKSourceConfig                0x08002acc   Section        0  misc.o(i.SysTick_CLKSourceConfig)
    i.SystemInit                             0x08002af4   Section        0  system_stm32f10x.o(i.SystemInit)
    i.System_Init                            0x08002b54   Section        0  system.o(i.System_Init)
    i.TI1_Config                             0x08002b94   Section        0  stm32f10x_tim.o(i.TI1_Config)
    TI1_Config                               0x08002b95   Thumb Code   108  stm32f10x_tim.o(i.TI1_Config)
    i.TI2_Config                             0x08002c14   Section        0  stm32f10x_tim.o(i.TI2_Config)
    TI2_Config                               0x08002c15   Thumb Code   130  stm32f10x_tim.o(i.TI2_Config)
    i.TI3_Config                             0x08002cac   Section        0  stm32f10x_tim.o(i.TI3_Config)
    TI3_Config                               0x08002cad   Thumb Code   122  stm32f10x_tim.o(i.TI3_Config)
    i.TI4_Config                             0x08002d3c   Section        0  stm32f10x_tim.o(i.TI4_Config)
    TI4_Config                               0x08002d3d   Thumb Code   130  stm32f10x_tim.o(i.TI4_Config)
    i.TIM1_CC_IRQHandler                     0x08002dd4   Section        0  stm32f10x_it.o(i.TIM1_CC_IRQHandler)
    i.TIM2_IRQHandler                        0x08002e68   Section        0  stm32f10x_it.o(i.TIM2_IRQHandler)
    i.TIM4_IRQHandler                        0x08002fe4   Section        0  stm32f10x_it.o(i.TIM4_IRQHandler)
    i.TIM_ClearFlag                          0x08003164   Section        0  stm32f10x_tim.o(i.TIM_ClearFlag)
    i.TIM_ClearITPendingBit                  0x0800316a   Section        0  stm32f10x_tim.o(i.TIM_ClearITPendingBit)
    i.TIM_Cmd                                0x08003170   Section        0  stm32f10x_tim.o(i.TIM_Cmd)
    i.TIM_GetCapture1                        0x08003188   Section        0  stm32f10x_tim.o(i.TIM_GetCapture1)
    i.TIM_GetCapture2                        0x0800318e   Section        0  stm32f10x_tim.o(i.TIM_GetCapture2)
    i.TIM_GetCapture3                        0x08003194   Section        0  stm32f10x_tim.o(i.TIM_GetCapture3)
    i.TIM_GetCapture4                        0x0800319a   Section        0  stm32f10x_tim.o(i.TIM_GetCapture4)
    i.TIM_GetITStatus                        0x080031a2   Section        0  stm32f10x_tim.o(i.TIM_GetITStatus)
    i.TIM_ICInit                             0x080031c4   Section        0  stm32f10x_tim.o(i.TIM_ICInit)
    i.TIM_ITConfig                           0x08003270   Section        0  stm32f10x_tim.o(i.TIM_ITConfig)
    i.TIM_Init                               0x08003284   Section        0  tim.o(i.TIM_Init)
    i.TIM_OC1Init                            0x080032c8   Section        0  stm32f10x_tim.o(i.TIM_OC1Init)
    i.TIM_OC1PolarityConfig                  0x08003360   Section        0  stm32f10x_tim.o(i.TIM_OC1PolarityConfig)
    i.TIM_OC1PreloadConfig                   0x08003372   Section        0  stm32f10x_tim.o(i.TIM_OC1PreloadConfig)
    i.TIM_OC2Init                            0x08003384   Section        0  stm32f10x_tim.o(i.TIM_OC2Init)
    i.TIM_OC2PolarityConfig                  0x08003428   Section        0  stm32f10x_tim.o(i.TIM_OC2PolarityConfig)
    i.TIM_OC2PreloadConfig                   0x08003442   Section        0  stm32f10x_tim.o(i.TIM_OC2PreloadConfig)
    i.TIM_OC3Init                            0x0800345c   Section        0  stm32f10x_tim.o(i.TIM_OC3Init)
    i.TIM_OC3PolarityConfig                  0x080034fc   Section        0  stm32f10x_tim.o(i.TIM_OC3PolarityConfig)
    i.TIM_OC3PreloadConfig                   0x08003516   Section        0  stm32f10x_tim.o(i.TIM_OC3PreloadConfig)
    i.TIM_OC4Init                            0x08003528   Section        0  stm32f10x_tim.o(i.TIM_OC4Init)
    i.TIM_OC4PolarityConfig                  0x080035a4   Section        0  stm32f10x_tim.o(i.TIM_OC4PolarityConfig)
    i.TIM_OC4PreloadConfig                   0x080035be   Section        0  stm32f10x_tim.o(i.TIM_OC4PreloadConfig)
    i.TIM_SetIC1Prescaler                    0x080035d8   Section        0  stm32f10x_tim.o(i.TIM_SetIC1Prescaler)
    i.TIM_SetIC2Prescaler                    0x080035ea   Section        0  stm32f10x_tim.o(i.TIM_SetIC2Prescaler)
    i.TIM_SetIC3Prescaler                    0x08003604   Section        0  stm32f10x_tim.o(i.TIM_SetIC3Prescaler)
    i.TIM_SetIC4Prescaler                    0x08003616   Section        0  stm32f10x_tim.o(i.TIM_SetIC4Prescaler)
    i.TIM_TimeBaseInit                       0x08003630   Section        0  stm32f10x_tim.o(i.TIM_TimeBaseInit)
    i.Task_Schedule                          0x080036d4   Section        0  system.o(i.Task_Schedule)
    i.USART1_IRQHandler                      0x08003850   Section        0  stm32f10x_it.o(i.USART1_IRQHandler)
    i.USART_ClearITPendingBit                0x0800388c   Section        0  stm32f10x_usart.o(i.USART_ClearITPendingBit)
    i.USART_Cmd                              0x080038aa   Section        0  stm32f10x_usart.o(i.USART_Cmd)
    i.USART_GetITStatus                      0x080038c2   Section        0  stm32f10x_usart.o(i.USART_GetITStatus)
    i.USART_ITConfig                         0x08003916   Section        0  stm32f10x_usart.o(i.USART_ITConfig)
    i.USART_Init                             0x08003960   Section        0  stm32f10x_usart.o(i.USART_Init)
    i.USART_init                             0x08003a38   Section        0  usart.o(i.USART_init)
    i.__0printf                              0x08003acc   Section        0  printfa.o(i.__0printf)
    i.__ARM_fpclassify                       0x08003aec   Section        0  fpclassify.o(i.__ARM_fpclassify)
    i.__ARM_fpclassifyf                      0x08003b14   Section        0  fpclassifyf.o(i.__ARM_fpclassifyf)
    i.__kernel_poly                          0x08003b3a   Section        0  poly.o(i.__kernel_poly)
    i.__mathlib_dbl_infnan                   0x08003be4   Section        0  dunder.o(i.__mathlib_dbl_infnan)
    i.__mathlib_dbl_infnan2                  0x08003bea   Section        0  dunder.o(i.__mathlib_dbl_infnan2)
    i.__mathlib_dbl_invalid                  0x08003bee   Section        0  dunder.o(i.__mathlib_dbl_invalid)
    i.__mathlib_dbl_underflow                0x08003bfc   Section        0  dunder.o(i.__mathlib_dbl_underflow)
    i.__mathlib_flt_infnan                   0x08003c0c   Section        0  funder.o(i.__mathlib_flt_infnan)
    i.__mathlib_flt_invalid                  0x08003c12   Section        0  funder.o(i.__mathlib_flt_invalid)
    i.__mathlib_flt_underflow                0x08003c1a   Section        0  funder.o(i.__mathlib_flt_underflow)
    i.__mathlib_rredf2                       0x08003c24   Section        0  rredf.o(i.__mathlib_rredf2)
    i.__scatterload_copy                     0x08003d8c   Section       14  handlers.o(i.__scatterload_copy)
    i.__scatterload_null                     0x08003d9a   Section        2  handlers.o(i.__scatterload_null)
    i.__scatterload_zeroinit                 0x08003d9c   Section       14  handlers.o(i.__scatterload_zeroinit)
    i.__set_errno                            0x08003dac   Section        0  errno.o(i.__set_errno)
    i._fp_digits                             0x08003db8   Section        0  printfa.o(i._fp_digits)
    _fp_digits                               0x08003db9   Thumb Code   366  printfa.o(i._fp_digits)
    i._printf_core                           0x08003f3c   Section        0  printfa.o(i._printf_core)
    _printf_core                             0x08003f3d   Thumb Code  1744  printfa.o(i._printf_core)
    i._printf_post_padding                   0x08004618   Section        0  printfa.o(i._printf_post_padding)
    _printf_post_padding                     0x08004619   Thumb Code    36  printfa.o(i._printf_post_padding)
    i._printf_pre_padding                    0x0800463c   Section        0  printfa.o(i._printf_pre_padding)
    _printf_pre_padding                      0x0800463d   Thumb Code    46  printfa.o(i._printf_pre_padding)
    i.asin                                   0x0800466c   Section        0  asin.o(i.asin)
    i.atan                                   0x080048dc   Section        0  atan.o(i.atan)
    i.atan2                                  0x08004afc   Section        0  atan2.o(i.atan2)
    i.cosf                                   0x08004c7c   Section        0  cosf.o(i.cosf)
    i.fputc                                  0x08004df8   Section        0  usart.o(i.fputc)
    i.invSqrt                                0x08004e14   Section        0  imu.o(i.invSqrt)
    invSqrt                                  0x08004e15   Thumb Code    72  imu.o(i.invSqrt)
    i.main                                   0x08004e60   Section        0  main.o(i.main)
    i.sliding_average_filter                 0x08004e6c   Section        0  filter.o(i.sliding_average_filter)
    i.sqrt                                   0x08004fe8   Section        0  sqrt.o(i.sqrt)
    i.tanf                                   0x08005034   Section        0  tanf.o(i.tanf)
    i.xInit_Kalman                           0x080051a8   Section        0  kalman.o(i.xInit_Kalman)
    i.xgetAngle                              0x08005214   Section        0  kalman.o(i.xgetAngle)
    i.yInit_Kalman                           0x080054a8   Section        0  kalman.o(i.yInit_Kalman)
    i.ygetAngle                              0x08005518   Section        0  kalman.o(i.ygetAngle)
    i.zInit_Kalman                           0x080057ac   Section        0  kalman.o(i.zInit_Kalman)
    .constdata                               0x0800581c   Section       36  imu.o(.constdata)
    .constdata                               0x08005840   Section       80  asin.o(.constdata)
    pS                                       0x08005840   Data          48  asin.o(.constdata)
    qS                                       0x08005870   Data          32  asin.o(.constdata)
    .constdata                               0x08005890   Section      152  atan.o(.constdata)
    atanhi                                   0x08005890   Data          32  atan.o(.constdata)
    atanlo                                   0x080058b0   Data          32  atan.o(.constdata)
    aTodd                                    0x080058d0   Data          40  atan.o(.constdata)
    aTeven                                   0x080058f8   Data          48  atan.o(.constdata)
    .constdata                               0x08005928   Section        8  qnan.o(.constdata)
    .constdata                               0x08005930   Section       32  rredf.o(.constdata)
    twooverpi                                0x08005930   Data          32  rredf.o(.constdata)
    .data                                    0x20000000   Section       24  stm32f10x_it.o(.data)
    ms2                                      0x2000000a   Data           2  stm32f10x_it.o(.data)
    ms5                                      0x2000000c   Data           2  stm32f10x_it.o(.data)
    ms10                                     0x2000000e   Data           2  stm32f10x_it.o(.data)
    ms20                                     0x20000010   Data           2  stm32f10x_it.o(.data)
    ms100                                    0x20000012   Data           2  stm32f10x_it.o(.data)
    ms200                                    0x20000014   Data           2  stm32f10x_it.o(.data)
    ms400                                    0x20000016   Data           2  stm32f10x_it.o(.data)
    .data                                    0x20000018   Section        1  led.o(.data)
    .data                                    0x2000001a   Section        4  delay.o(.data)
    D_us                                     0x2000001a   Data           1  delay.o(.data)
    D_ms                                     0x2000001c   Data           2  delay.o(.data)
    .data                                    0x20000020   Section       66  mpu6050.o(.data)
    tempgx                                   0x20000054   Data           4  mpu6050.o(.data)
    tempgy                                   0x20000058   Data           4  mpu6050.o(.data)
    tempgz                                   0x2000005c   Data           4  mpu6050.o(.data)
    cnt_a                                    0x20000060   Data           2  mpu6050.o(.data)
    .data                                    0x20000064   Section       24  filter.o(.data)
    cnt                                      0x20000064   Data           1  filter.o(.data)
    flag                                     0x20000065   Data           1  filter.o(.data)
    cnt                                      0x20000066   Data           1  filter.o(.data)
    flag                                     0x20000067   Data           1  filter.o(.data)
    cnt                                      0x20000068   Data           1  filter.o(.data)
    flag                                     0x20000069   Data           1  filter.o(.data)
    cnt                                      0x2000006a   Data           1  filter.o(.data)
    flag                                     0x2000006b   Data           1  filter.o(.data)
    data_num                                 0x2000006c   Data           4  filter.o(.data)
    cnt                                      0x20000070   Data           1  filter.o(.data)
    flag                                     0x20000071   Data           1  filter.o(.data)
    cnt                                      0x20000072   Data           1  filter.o(.data)
    flag                                     0x20000073   Data           1  filter.o(.data)
    cnt                                      0x20000074   Data           1  filter.o(.data)
    flag                                     0x20000075   Data           1  filter.o(.data)
    LPF_Cnt                                  0x20000078   Data           4  filter.o(.data)
    .data                                    0x2000007c   Section       33  imu.o(.data)
    IIR_mode                                 0x2000009c   Data           1  imu.o(.data)
    .data                                    0x200000a0   Section      192  kalman.o(.data)
    .data                                    0x20000160   Section       40  control.o(.data)
    .data                                    0x20000188   Section        4  usart.o(.data)
    .data                                    0x2000018c   Section       40  rc.o(.data)
    .data                                    0x200001b4   Section       20  stm32f10x_rcc.o(.data)
    APBAHBPrescTable                         0x200001b4   Data          16  stm32f10x_rcc.o(.data)
    ADCPrescTable                            0x200001c4   Data           4  stm32f10x_rcc.o(.data)
    .data                                    0x200001c8   Section       20  system_stm32f10x.o(.data)
    .data                                    0x200001dc   Section        4  errno.o(.data)
    _errno                                   0x200001dc   Data           4  errno.o(.data)
    .bss                                     0x200001e0   Section       88  mpu6050.o(.bss)
    MPU6050_buff                             0x200001e0   Data          14  mpu6050.o(.bss)
    .bss                                     0x20000238   Section     1736  filter.o(.bss)
    buf                                      0x20000310   Data          80  filter.o(.bss)
    buf                                      0x20000360   Data          80  filter.o(.bss)
    bufx                                     0x200003b0   Data          80  filter.o(.bss)
    bufy                                     0x20000400   Data          80  filter.o(.bss)
    bufz                                     0x20000450   Data          80  filter.o(.bss)
    bufax                                    0x200004a0   Data          80  filter.o(.bss)
    bufay                                    0x200004f0   Data          80  filter.o(.bss)
    bufaz                                    0x20000540   Data          80  filter.o(.bss)
    bufgx                                    0x20000590   Data          80  filter.o(.bss)
    bufgy                                    0x200005e0   Data          80  filter.o(.bss)
    bufgz                                    0x20000630   Data          80  filter.o(.bss)
    bufx                                     0x20000680   Data          80  filter.o(.bss)
    bufy                                     0x200006d0   Data          80  filter.o(.bss)
    bufz                                     0x20000720   Data          80  filter.o(.bss)
    bufax                                    0x20000770   Data          80  filter.o(.bss)
    bufay                                    0x200007c0   Data          80  filter.o(.bss)
    bufaz                                    0x20000810   Data          80  filter.o(.bss)
    buf                                      0x20000860   Data          80  filter.o(.bss)
    buf                                      0x200008b0   Data          80  filter.o(.bss)
    .bss                                     0x20000900   Section      120  imu.o(.bss)
    .bss                                     0x20000978   Section      144  kalman.o(.bss)
    .bss                                     0x20000a08   Section      360  control.o(.bss)
    .bss                                     0x20000b70   Section       10  rc.o(.bss)
    STACK                                    0x20000b80   Section     1024  startup_stm32f10x_md.o(STACK)

    Global Symbols

    Symbol Name                              Value     Ov Type        Size  Object(Section)

    BuildAttributes$$THM_ISAv4$P$D$K$B$S$PE$A:L22UL41UL21$X:L11$S22US41US21$IEEE1$IW$USESV6$~STKCKD$USESV7$~SHL$OTIME$ROPI$IEEEX$EBA8$MICROLIB$REQ8$PRES8$EABIv2 0x00000000   Number         0  anon$$obj.o ABSOLUTE
    __ARM_use_no_argv                        0x00000000   Number         0  main.o ABSOLUTE
    __use_no_errno                           0x00000000   Number         0  useno.o ABSOLUTE
    __use_no_exception_handling              0x00000000   Number         0  useno.o ABSOLUTE
    __use_no_fp                              0x00000000   Number         0  useno.o ABSOLUTE
    __use_no_heap                            0x00000000   Number         0  useno.o ABSOLUTE
    __use_no_heap_region                     0x00000000   Number         0  useno.o ABSOLUTE
    __use_no_semihosting                     0x00000000   Number         0  useno.o ABSOLUTE
    __use_no_semihosting_swi                 0x00000000   Number         0  useno.o ABSOLUTE
    __use_no_signal_handling                 0x00000000   Number         0  useno.o ABSOLUTE
    _printf_a                                0x00000000   Number         0  stubs.o ABSOLUTE
    _printf_c                                0x00000000   Number         0  stubs.o ABSOLUTE
    _printf_charcount                        0x00000000   Number         0  stubs.o ABSOLUTE
    _printf_d                                0x00000000   Number         0  stubs.o ABSOLUTE
    _printf_e                                0x00000000   Number         0  stubs.o ABSOLUTE
    _printf_f                                0x00000000   Number         0  stubs.o ABSOLUTE
    _printf_flags                            0x00000000   Number         0  stubs.o ABSOLUTE
    _printf_fp_dec                           0x00000000   Number         0  stubs.o ABSOLUTE
    _printf_fp_hex                           0x00000000   Number         0  stubs.o ABSOLUTE
    _printf_g                                0x00000000   Number         0  stubs.o ABSOLUTE
    _printf_i                                0x00000000   Number         0  stubs.o ABSOLUTE
    _printf_int_dec                          0x00000000   Number         0  stubs.o ABSOLUTE
    _printf_l                                0x00000000   Number         0  stubs.o ABSOLUTE
    _printf_lc                               0x00000000   Number         0  stubs.o ABSOLUTE
    _printf_ll                               0x00000000   Number         0  stubs.o ABSOLUTE
    _printf_lld                              0x00000000   Number         0  stubs.o ABSOLUTE
    _printf_lli                              0x00000000   Number         0  stubs.o ABSOLUTE
    _printf_llo                              0x00000000   Number         0  stubs.o ABSOLUTE
    _printf_llu                              0x00000000   Number         0  stubs.o ABSOLUTE
    _printf_llx                              0x00000000   Number         0  stubs.o ABSOLUTE
    _printf_longlong_dec                     0x00000000   Number         0  stubs.o ABSOLUTE
    _printf_longlong_hex                     0x00000000   Number         0  stubs.o ABSOLUTE
    _printf_longlong_oct                     0x00000000   Number         0  stubs.o ABSOLUTE
    _printf_ls                               0x00000000   Number         0  stubs.o ABSOLUTE
    _printf_mbtowc                           0x00000000   Number         0  stubs.o ABSOLUTE
    _printf_n                                0x00000000   Number         0  stubs.o ABSOLUTE
    _printf_o                                0x00000000   Number         0  stubs.o ABSOLUTE
    _printf_p                                0x00000000   Number         0  stubs.o ABSOLUTE
    _printf_percent                          0x00000000   Number         0  stubs.o ABSOLUTE
    _printf_pre_padding                      0x00000000   Number         0  stubs.o ABSOLUTE
    _printf_return_value                     0x00000000   Number         0  stubs.o ABSOLUTE
    _printf_s                                0x00000000   Number         0  stubs.o ABSOLUTE
    _printf_sizespec                         0x00000000   Number         0  stubs.o ABSOLUTE
    _printf_str                              0x00000000   Number         0  stubs.o ABSOLUTE
    _printf_truncate_signed                  0x00000000   Number         0  stubs.o ABSOLUTE
    _printf_truncate_unsigned                0x00000000   Number         0  stubs.o ABSOLUTE
    _printf_u                                0x00000000   Number         0  stubs.o ABSOLUTE
    _printf_wc                               0x00000000   Number         0  stubs.o ABSOLUTE
    _printf_wctomb                           0x00000000   Number         0  stubs.o ABSOLUTE
    _printf_widthprec                        0x00000000   Number         0  stubs.o ABSOLUTE
    _printf_x                                0x00000000   Number         0  stubs.o ABSOLUTE
    __cpp_initialize__aeabi_                  - Undefined Weak Reference
    __cxa_finalize                            - Undefined Weak Reference
    _clock_init                               - Undefined Weak Reference
    _microlib_exit                            - Undefined Weak Reference
    __Vectors_Size                           0x000000ec   Number         0  startup_stm32f10x_md.o ABSOLUTE
    __Vectors                                0x08000000   Data           4  startup_stm32f10x_md.o(RESET)
    __Vectors_End                            0x080000ec   Data           0  startup_stm32f10x_md.o(RESET)
    __main                                   0x080000ed   Thumb Code     0  entry.o(.ARM.Collect$$$$00000000)
    _main_stk                                0x080000ed   Thumb Code     0  entry2.o(.ARM.Collect$$$$00000001)
    _main_scatterload                        0x080000f1   Thumb Code     0  entry5.o(.ARM.Collect$$$$00000004)
    __main_after_scatterload                 0x080000f5   Thumb Code     0  entry5.o(.ARM.Collect$$$$00000004)
    _main_clock                              0x080000f5   Thumb Code     0  entry7b.o(.ARM.Collect$$$$00000008)
    _main_cpp_init                           0x080000f5   Thumb Code     0  entry8b.o(.ARM.Collect$$$$0000000A)
    _main_init                               0x080000f5   Thumb Code     0  entry9a.o(.ARM.Collect$$$$0000000B)
    __rt_final_cpp                           0x080000fd   Thumb Code     0  entry10a.o(.ARM.Collect$$$$0000000D)
    __rt_final_exit                          0x080000fd   Thumb Code     0  entry11a.o(.ARM.Collect$$$$0000000F)
    Reset_Handler                            0x08000101   Thumb Code     8  startup_stm32f10x_md.o(.text)
    NMI_Handler                              0x08000109   Thumb Code     2  startup_stm32f10x_md.o(.text)
    HardFault_Handler                        0x0800010b   Thumb Code     2  startup_stm32f10x_md.o(.text)
    MemManage_Handler                        0x0800010d   Thumb Code     2  startup_stm32f10x_md.o(.text)
    BusFault_Handler                         0x0800010f   Thumb Code     2  startup_stm32f10x_md.o(.text)
    UsageFault_Handler                       0x08000111   Thumb Code     2  startup_stm32f10x_md.o(.text)
    SVC_Handler                              0x08000113   Thumb Code     2  startup_stm32f10x_md.o(.text)
    DebugMon_Handler                         0x08000115   Thumb Code     2  startup_stm32f10x_md.o(.text)
    PendSV_Handler                           0x08000117   Thumb Code     2  startup_stm32f10x_md.o(.text)
    SysTick_Handler                          0x08000119   Thumb Code     2  startup_stm32f10x_md.o(.text)
    ADC1_2_IRQHandler                        0x0800011b   Thumb Code     0  startup_stm32f10x_md.o(.text)
    CAN1_RX1_IRQHandler                      0x0800011b   Thumb Code     0  startup_stm32f10x_md.o(.text)
    CAN1_SCE_IRQHandler                      0x0800011b   Thumb Code     0  startup_stm32f10x_md.o(.text)
    DMA1_Channel1_IRQHandler                 0x0800011b   Thumb Code     0  startup_stm32f10x_md.o(.text)
    DMA1_Channel2_IRQHandler                 0x0800011b   Thumb Code     0  startup_stm32f10x_md.o(.text)
    DMA1_Channel3_IRQHandler                 0x0800011b   Thumb Code     0  startup_stm32f10x_md.o(.text)
    DMA1_Channel4_IRQHandler                 0x0800011b   Thumb Code     0  startup_stm32f10x_md.o(.text)
    DMA1_Channel5_IRQHandler                 0x0800011b   Thumb Code     0  startup_stm32f10x_md.o(.text)
    DMA1_Channel6_IRQHandler                 0x0800011b   Thumb Code     0  startup_stm32f10x_md.o(.text)
    DMA1_Channel7_IRQHandler                 0x0800011b   Thumb Code     0  startup_stm32f10x_md.o(.text)
    EXTI0_IRQHandler                         0x0800011b   Thumb Code     0  startup_stm32f10x_md.o(.text)
    EXTI15_10_IRQHandler                     0x0800011b   Thumb Code     0  startup_stm32f10x_md.o(.text)
    EXTI1_IRQHandler                         0x0800011b   Thumb Code     0  startup_stm32f10x_md.o(.text)
    EXTI2_IRQHandler                         0x0800011b   Thumb Code     0  startup_stm32f10x_md.o(.text)
    EXTI3_IRQHandler                         0x0800011b   Thumb Code     0  startup_stm32f10x_md.o(.text)
    EXTI4_IRQHandler                         0x0800011b   Thumb Code     0  startup_stm32f10x_md.o(.text)
    EXTI9_5_IRQHandler                       0x0800011b   Thumb Code     0  startup_stm32f10x_md.o(.text)
    FLASH_IRQHandler                         0x0800011b   Thumb Code     0  startup_stm32f10x_md.o(.text)
    I2C1_ER_IRQHandler                       0x0800011b   Thumb Code     0  startup_stm32f10x_md.o(.text)
    I2C1_EV_IRQHandler                       0x0800011b   Thumb Code     0  startup_stm32f10x_md.o(.text)
    I2C2_ER_IRQHandler                       0x0800011b   Thumb Code     0  startup_stm32f10x_md.o(.text)
    I2C2_EV_IRQHandler                       0x0800011b   Thumb Code     0  startup_stm32f10x_md.o(.text)
    PVD_IRQHandler                           0x0800011b   Thumb Code     0  startup_stm32f10x_md.o(.text)
    RCC_IRQHandler                           0x0800011b   Thumb Code     0  startup_stm32f10x_md.o(.text)
    RTCAlarm_IRQHandler                      0x0800011b   Thumb Code     0  startup_stm32f10x_md.o(.text)
    RTC_IRQHandler                           0x0800011b   Thumb Code     0  startup_stm32f10x_md.o(.text)
    SPI1_IRQHandler                          0x0800011b   Thumb Code     0  startup_stm32f10x_md.o(.text)
    SPI2_IRQHandler                          0x0800011b   Thumb Code     0  startup_stm32f10x_md.o(.text)
    TAMPER_IRQHandler                        0x0800011b   Thumb Code     0  startup_stm32f10x_md.o(.text)
    TIM1_BRK_IRQHandler                      0x0800011b   Thumb Code     0  startup_stm32f10x_md.o(.text)
    TIM1_TRG_COM_IRQHandler                  0x0800011b   Thumb Code     0  startup_stm32f10x_md.o(.text)
    TIM1_UP_IRQHandler                       0x0800011b   Thumb Code     0  startup_stm32f10x_md.o(.text)
    TIM3_IRQHandler                          0x0800011b   Thumb Code     0  startup_stm32f10x_md.o(.text)
    USART2_IRQHandler                        0x0800011b   Thumb Code     0  startup_stm32f10x_md.o(.text)
    USART3_IRQHandler                        0x0800011b   Thumb Code     0  startup_stm32f10x_md.o(.text)
    USBWakeUp_IRQHandler                     0x0800011b   Thumb Code     0  startup_stm32f10x_md.o(.text)
    USB_HP_CAN1_TX_IRQHandler                0x0800011b   Thumb Code     0  startup_stm32f10x_md.o(.text)
    USB_LP_CAN1_RX0_IRQHandler               0x0800011b   Thumb Code     0  startup_stm32f10x_md.o(.text)
    WWDG_IRQHandler                          0x0800011b   Thumb Code     0  startup_stm32f10x_md.o(.text)
    __aeabi_memcpy                           0x08000125   Thumb Code    36  memcpya.o(.text)
    __aeabi_memcpy4                          0x08000125   Thumb Code     0  memcpya.o(.text)
    __aeabi_memcpy8                          0x08000125   Thumb Code     0  memcpya.o(.text)
    __aeabi_fadd                             0x08000149   Thumb Code   164  fadd.o(.text)
    __aeabi_fsub                             0x080001ed   Thumb Code     6  fadd.o(.text)
    __aeabi_frsub                            0x080001f3   Thumb Code     6  fadd.o(.text)
    __aeabi_fmul                             0x080001f9   Thumb Code   100  fmul.o(.text)
    __aeabi_fdiv                             0x0800025d   Thumb Code   124  fdiv.o(.text)
    __aeabi_dadd                             0x080002d9   Thumb Code   322  dadd.o(.text)
    __aeabi_dsub                             0x0800041b   Thumb Code     6  dadd.o(.text)
    __aeabi_drsub                            0x08000421   Thumb Code     6  dadd.o(.text)
    __aeabi_dmul                             0x08000427   Thumb Code   228  dmul.o(.text)
    __aeabi_ddiv                             0x0800050b   Thumb Code   222  ddiv.o(.text)
    __aeabi_i2f                              0x080005e9   Thumb Code    18  fflti.o(.text)
    __aeabi_ui2f                             0x080005fb   Thumb Code    10  ffltui.o(.text)
    __aeabi_f2iz                             0x08000605   Thumb Code    50  ffixi.o(.text)
    __aeabi_f2d                              0x08000637   Thumb Code    38  f2d.o(.text)
    __aeabi_cdcmpeq                          0x0800065d   Thumb Code     0  cdcmple.o(.text)
    __aeabi_cdcmple                          0x0800065d   Thumb Code    48  cdcmple.o(.text)
    __aeabi_d2f                              0x0800068d   Thumb Code    56  d2f.o(.text)
    __aeabi_cfcmpeq                          0x080006c5   Thumb Code     0  cfcmple.o(.text)
    __aeabi_cfcmple                          0x080006c5   Thumb Code    20  cfcmple.o(.text)
    __aeabi_cfrcmple                         0x080006d9   Thumb Code    20  cfrcmple.o(.text)
    __aeabi_uidiv                            0x080006ed   Thumb Code     0  uidiv.o(.text)
    __aeabi_uidivmod                         0x080006ed   Thumb Code    44  uidiv.o(.text)
    __aeabi_uldivmod                         0x08000719   Thumb Code    98  uldiv.o(.text)
    __aeabi_llsl                             0x0800077b   Thumb Code    30  llshl.o(.text)
    _ll_shift_l                              0x0800077b   Thumb Code     0  llshl.o(.text)
    __aeabi_lasr                             0x08000799   Thumb Code    36  llsshr.o(.text)
    _ll_sshift_r                             0x08000799   Thumb Code     0  llsshr.o(.text)
    __I$use$fp                               0x080007bd   Thumb Code     0  iusefp.o(.text)
    _float_round                             0x080007bd   Thumb Code    18  fepilogue.o(.text)
    _float_epilogue                          0x080007cf   Thumb Code    92  fepilogue.o(.text)
    _frnd                                    0x0800082b   Thumb Code    60  frnd.o(.text)
    _double_round                            0x08000867   Thumb Code    30  depilogue.o(.text)
    _double_epilogue                         0x08000885   Thumb Code   156  depilogue.o(.text)
    __ARM_scalbn                             0x08000921   Thumb Code    46  dscalb.o(.text)
    scalbn                                   0x08000921   Thumb Code     0  dscalb.o(.text)
    __aeabi_d2ulz                            0x0800094f   Thumb Code    48  dfixul.o(.text)
    __aeabi_cdrcmple                         0x08000981   Thumb Code    48  cdrcmple.o(.text)
    __scatterload                            0x080009b1   Thumb Code    28  init.o(.text)
    __scatterload_rt2                        0x080009b1   Thumb Code     0  init.o(.text)
    __aeabi_llsr                             0x080009d5   Thumb Code    32  llushr.o(.text)
    _ll_ushift_r                             0x080009d5   Thumb Code     0  llushr.o(.text)
    __ARM_scalbnf                            0x080009f5   Thumb Code    24  fscalb.o(.text)
    scalbnf                                  0x080009f5   Thumb Code     0  fscalb.o(.text)
    _dsqrt                                   0x08000a0d   Thumb Code   162  dsqrt.o(.text)
    __decompress                             0x08000aaf   Thumb Code     0  __dczerorl2.o(.text)
    __decompress1                            0x08000aaf   Thumb Code    86  __dczerorl2.o(.text)
    Acce_Correct_Filter                      0x08000b05   Thumb Code    68  mpu6050.o(i.Acce_Correct_Filter)
    Butterworth_Parameter_Init               0x08000b55   Thumb Code    96  filter.o(i.Butterworth_Parameter_Init)
    Control                                  0x08000bfd   Thumb Code   792  control.o(i.Control)
    Delay_Init                               0x08000f65   Thumb Code    50  delay.o(i.Delay_Init)
    Delay_ms                                 0x08000fa9   Thumb Code    66  delay.o(i.Delay_ms)
    Delay_us                                 0x08000ff1   Thumb Code    66  delay.o(i.Delay_us)
    GENERAL_TIM_Init                         0x08001061   Thumb Code    12  rc.o(i.GENERAL_TIM_Init)
    GPIO_Init                                0x080011c1   Thumb Code   278  stm32f10x_gpio.o(i.GPIO_Init)
    GPIO_ResetBits                           0x080012d7   Thumb Code     4  stm32f10x_gpio.o(i.GPIO_ResetBits)
    GPIO_SetBits                             0x080012db   Thumb Code     4  stm32f10x_gpio.o(i.GPIO_SetBits)
    IIC_Ack                                  0x080012e1   Thumb Code    46  iic.o(i.IIC_Ack)
    IIC_GPIO_Init                            0x08001315   Thumb Code    46  iic.o(i.IIC_GPIO_Init)
    IIC_NAck                                 0x08001349   Thumb Code    48  iic.o(i.IIC_NAck)
    IIC_ReadByte                             0x0800137d   Thumb Code    84  iic.o(i.IIC_ReadByte)
    IIC_ReadByteFromSlave                    0x080013d5   Thumb Code    74  iic.o(i.IIC_ReadByteFromSlave)
    IIC_ReadMultByteFromSlave                0x0800141f   Thumb Code   114  iic.o(i.IIC_ReadMultByteFromSlave)
    IIC_SendByte                             0x08001491   Thumb Code    86  iic.o(i.IIC_SendByte)
    IIC_Start                                0x080014ed   Thumb Code    46  iic.o(i.IIC_Start)
    IIC_Stop                                 0x08001521   Thumb Code    42  iic.o(i.IIC_Stop)
    IIC_WaitAck                              0x08001551   Thumb Code    76  iic.o(i.IIC_WaitAck)
    IIC_WriteByteToSlave                     0x080015a1   Thumb Code    70  iic.o(i.IIC_WriteByteToSlave)
    IMUupdate                                0x080015e9   Thumb Code  1704  imu.o(i.IMUupdate)
    LED_Init                                 0x08001cd1   Thumb Code   116  led.o(i.LED_Init)
    LPButterworth                            0x08001d4d   Thumb Code   140  filter.o(i.LPButterworth)
    MOTOR_Init                               0x08001ddd   Thumb Code   268  motor.o(i.MOTOR_Init)
    MPU6050_Check                            0x08001ef5   Thumb Code    20  mpu6050.o(i.MPU6050_Check)
    MPU6050_Init                             0x08001f25   Thumb Code    78  mpu6050.o(i.MPU6050_Init)
    MPU6050_OffSet                           0x08001f75   Thumb Code   176  mpu6050.o(i.MPU6050_OffSet)
    MPU6050_Offset                           0x08002035   Thumb Code   260  mpu6050.o(i.MPU6050_Offset)
    MPU6050_Read                             0x08002151   Thumb Code    14  mpu6050.o(i.MPU6050_Read)
    MPU6050_ReadByte                         0x08002165   Thumb Code    26  mpu6050.o(i.MPU6050_ReadByte)
    MPU6050_ReadMultBytes                    0x0800217f   Thumb Code    30  mpu6050.o(i.MPU6050_ReadMultBytes)
    MPU6050_WriteByte                        0x0800219d   Thumb Code    26  mpu6050.o(i.MPU6050_WriteByte)
    MPU6050_getDeviceID                      0x080021b7   Thumb Code    16  mpu6050.o(i.MPU6050_getDeviceID)
    MPU6050_testConnection                   0x080021c7   Thumb Code    18  mpu6050.o(i.MPU6050_testConnection)
    Moto_Pwm                                 0x080021d9   Thumb Code   100  motor.o(i.Moto_Pwm)
    NVIC_Init                                0x08002241   Thumb Code   100  misc.o(i.NVIC_Init)
    NVIC_PriorityGroupConfig                 0x080022b1   Thumb Code    10  misc.o(i.NVIC_PriorityGroupConfig)
    NvicConfig                               0x080022c5   Thumb Code   180  nvic.o(i.NvicConfig)
    PID_Postion_Cal                          0x08002379   Thumb Code   232  pid.o(i.PID_Postion_Cal)
    PidParameter_init                        0x08002465   Thumb Code   168  pid.o(i.PidParameter_init)
    Prepare_Data                             0x08002551   Thumb Code   340  imu.o(i.Prepare_Data)
    RCC_APB1PeriphClockCmd                   0x080026d9   Thumb Code    26  stm32f10x_rcc.o(i.RCC_APB1PeriphClockCmd)
    RCC_APB2PeriphClockCmd                   0x080026f9   Thumb Code    26  stm32f10x_rcc.o(i.RCC_APB2PeriphClockCmd)
    RCC_GetClocksFreq                        0x08002719   Thumb Code   192  stm32f10x_rcc.o(i.RCC_GetClocksFreq)
    Remote_Data_ReceiveAnalysis              0x080027ed   Thumb Code   148  rc.o(i.Remote_Data_ReceiveAnalysis)
    SDA_IN                                   0x08002895   Thumb Code    32  iic.o(i.SDA_IN)
    SDA_OUT                                  0x080028b9   Thumb Code    38  iic.o(i.SDA_OUT)
    Set_Cutoff_Frequency                     0x080029cd   Thumb Code   248  filter.o(i.Set_Cutoff_Frequency)
    SysTick_CLKSourceConfig                  0x08002acd   Thumb Code    40  misc.o(i.SysTick_CLKSourceConfig)
    SystemInit                               0x08002af5   Thumb Code    78  system_stm32f10x.o(i.SystemInit)
    System_Init                              0x08002b55   Thumb Code    64  system.o(i.System_Init)
    TIM1_CC_IRQHandler                       0x08002dd5   Thumb Code   136  stm32f10x_it.o(i.TIM1_CC_IRQHandler)
    TIM2_IRQHandler                          0x08002e69   Thumb Code   362  stm32f10x_it.o(i.TIM2_IRQHandler)
    TIM4_IRQHandler                          0x08002fe5   Thumb Code   310  stm32f10x_it.o(i.TIM4_IRQHandler)
    TIM_ClearFlag                            0x08003165   Thumb Code     6  stm32f10x_tim.o(i.TIM_ClearFlag)
    TIM_ClearITPendingBit                    0x0800316b   Thumb Code     6  stm32f10x_tim.o(i.TIM_ClearITPendingBit)
    TIM_Cmd                                  0x08003171   Thumb Code    24  stm32f10x_tim.o(i.TIM_Cmd)
    TIM_GetCapture1                          0x08003189   Thumb Code     6  stm32f10x_tim.o(i.TIM_GetCapture1)
    TIM_GetCapture2                          0x0800318f   Thumb Code     6  stm32f10x_tim.o(i.TIM_GetCapture2)
    TIM_GetCapture3                          0x08003195   Thumb Code     6  stm32f10x_tim.o(i.TIM_GetCapture3)
    TIM_GetCapture4                          0x0800319b   Thumb Code     8  stm32f10x_tim.o(i.TIM_GetCapture4)
    TIM_GetITStatus                          0x080031a3   Thumb Code    34  stm32f10x_tim.o(i.TIM_GetITStatus)
    TIM_ICInit                               0x080031c5   Thumb Code   150  stm32f10x_tim.o(i.TIM_ICInit)
    TIM_ITConfig                             0x08003271   Thumb Code    18  stm32f10x_tim.o(i.TIM_ITConfig)
    TIM_Init                                 0x08003285   Thumb Code    62  tim.o(i.TIM_Init)
    TIM_OC1Init                              0x080032c9   Thumb Code   132  stm32f10x_tim.o(i.TIM_OC1Init)
    TIM_OC1PolarityConfig                    0x08003361   Thumb Code    18  stm32f10x_tim.o(i.TIM_OC1PolarityConfig)
    TIM_OC1PreloadConfig                     0x08003373   Thumb Code    18  stm32f10x_tim.o(i.TIM_OC1PreloadConfig)
    TIM_OC2Init                              0x08003385   Thumb Code   154  stm32f10x_tim.o(i.TIM_OC2Init)
    TIM_OC2PolarityConfig                    0x08003429   Thumb Code    26  stm32f10x_tim.o(i.TIM_OC2PolarityConfig)
    TIM_OC2PreloadConfig                     0x08003443   Thumb Code    26  stm32f10x_tim.o(i.TIM_OC2PreloadConfig)
    TIM_OC3Init                              0x0800345d   Thumb Code   150  stm32f10x_tim.o(i.TIM_OC3Init)
    TIM_OC3PolarityConfig                    0x080034fd   Thumb Code    26  stm32f10x_tim.o(i.TIM_OC3PolarityConfig)
    TIM_OC3PreloadConfig                     0x08003517   Thumb Code    18  stm32f10x_tim.o(i.TIM_OC3PreloadConfig)
    TIM_OC4Init                              0x08003529   Thumb Code   114  stm32f10x_tim.o(i.TIM_OC4Init)
    TIM_OC4PolarityConfig                    0x080035a5   Thumb Code    26  stm32f10x_tim.o(i.TIM_OC4PolarityConfig)
    TIM_OC4PreloadConfig                     0x080035bf   Thumb Code    26  stm32f10x_tim.o(i.TIM_OC4PreloadConfig)
    TIM_SetIC1Prescaler                      0x080035d9   Thumb Code    18  stm32f10x_tim.o(i.TIM_SetIC1Prescaler)
    TIM_SetIC2Prescaler                      0x080035eb   Thumb Code    26  stm32f10x_tim.o(i.TIM_SetIC2Prescaler)
    TIM_SetIC3Prescaler                      0x08003605   Thumb Code    18  stm32f10x_tim.o(i.TIM_SetIC3Prescaler)
    TIM_SetIC4Prescaler                      0x08003617   Thumb Code    26  stm32f10x_tim.o(i.TIM_SetIC4Prescaler)
    TIM_TimeBaseInit                         0x08003631   Thumb Code   122  stm32f10x_tim.o(i.TIM_TimeBaseInit)
    Task_Schedule                            0x080036d5   Thumb Code   336  system.o(i.Task_Schedule)
    USART1_IRQHandler                        0x08003851   Thumb Code    54  stm32f10x_it.o(i.USART1_IRQHandler)
    USART_ClearITPendingBit                  0x0800388d   Thumb Code    30  stm32f10x_usart.o(i.USART_ClearITPendingBit)
    USART_Cmd                                0x080038ab   Thumb Code    24  stm32f10x_usart.o(i.USART_Cmd)
    USART_GetITStatus                        0x080038c3   Thumb Code    84  stm32f10x_usart.o(i.USART_GetITStatus)
    USART_ITConfig                           0x08003917   Thumb Code    74  stm32f10x_usart.o(i.USART_ITConfig)
    USART_Init                               0x08003961   Thumb Code   210  stm32f10x_usart.o(i.USART_Init)
    USART_init                               0x08003a39   Thumb Code   138  usart.o(i.USART_init)
    __0printf                                0x08003acd   Thumb Code    22  printfa.o(i.__0printf)
    __1printf                                0x08003acd   Thumb Code     0  printfa.o(i.__0printf)
    __2printf                                0x08003acd   Thumb Code     0  printfa.o(i.__0printf)
    __c89printf                              0x08003acd   Thumb Code     0  printfa.o(i.__0printf)
    printf                                   0x08003acd   Thumb Code     0  printfa.o(i.__0printf)
    __ARM_fpclassify                         0x08003aed   Thumb Code    40  fpclassify.o(i.__ARM_fpclassify)
    __ARM_fpclassifyf                        0x08003b15   Thumb Code    38  fpclassifyf.o(i.__ARM_fpclassifyf)
    __kernel_poly                            0x08003b3b   Thumb Code   170  poly.o(i.__kernel_poly)
    __mathlib_dbl_infnan                     0x08003be5   Thumb Code     6  dunder.o(i.__mathlib_dbl_infnan)
    __mathlib_dbl_infnan2                    0x08003beb   Thumb Code     4  dunder.o(i.__mathlib_dbl_infnan2)
    __mathlib_dbl_invalid                    0x08003bef   Thumb Code    12  dunder.o(i.__mathlib_dbl_invalid)
    __mathlib_dbl_underflow                  0x08003bfd   Thumb Code    10  dunder.o(i.__mathlib_dbl_underflow)
    __mathlib_flt_infnan                     0x08003c0d   Thumb Code     6  funder.o(i.__mathlib_flt_infnan)
    __mathlib_flt_invalid                    0x08003c13   Thumb Code     8  funder.o(i.__mathlib_flt_invalid)
    __mathlib_flt_underflow                  0x08003c1b   Thumb Code    10  funder.o(i.__mathlib_flt_underflow)
    __mathlib_rredf2                         0x08003c25   Thumb Code   344  rredf.o(i.__mathlib_rredf2)
    __scatterload_copy                       0x08003d8d   Thumb Code    14  handlers.o(i.__scatterload_copy)
    __scatterload_null                       0x08003d9b   Thumb Code     2  handlers.o(i.__scatterload_null)
    __scatterload_zeroinit                   0x08003d9d   Thumb Code    14  handlers.o(i.__scatterload_zeroinit)
    __set_errno                              0x08003dad   Thumb Code     6  errno.o(i.__set_errno)
    asin                                     0x0800466d   Thumb Code   572  asin.o(i.asin)
    atan                                     0x080048dd   Thumb Code   474  atan.o(i.atan)
    atan2                                    0x08004afd   Thumb Code   346  atan2.o(i.atan2)
    cosf                                     0x08004c7d   Thumb Code   328  cosf.o(i.cosf)
    fputc                                    0x08004df9   Thumb Code    24  usart.o(i.fputc)
    main                                     0x08004e61   Thumb Code    12  main.o(i.main)
    sliding_average_filter                   0x08004e6d   Thumb Code   362  filter.o(i.sliding_average_filter)
    sqrt                                     0x08004fe9   Thumb Code    76  sqrt.o(i.sqrt)
    tanf                                     0x08005035   Thumb Code   314  tanf.o(i.tanf)
    xInit_Kalman                             0x080051a9   Thumb Code    64  kalman.o(i.xInit_Kalman)
    xgetAngle                                0x08005215   Thumb Code   618  kalman.o(i.xgetAngle)
    yInit_Kalman                             0x080054a9   Thumb Code    64  kalman.o(i.yInit_Kalman)
    ygetAngle                                0x08005519   Thumb Code   618  kalman.o(i.ygetAngle)
    zInit_Kalman                             0x080057ad   Thumb Code    64  kalman.o(i.zInit_Kalman)
    __mathlib_zero                           0x08005928   Data           8  qnan.o(.constdata)
    Region$$Table$$Base                      0x08005950   Number         0  anon$$obj.o(Region$$Table)
    Region$$Table$$Limit                     0x08005970   Number         0  anon$$obj.o(Region$$Table)
    LED_Scan                                 0x20000000   Data           1  stm32f10x_it.o(.data)
    IMU_Scan                                 0x20000001   Data           1  stm32f10x_it.o(.data)
    MPU_Scan                                 0x20000002   Data           1  stm32f10x_it.o(.data)
    IRQ_Scan                                 0x20000003   Data           1  stm32f10x_it.o(.data)
    Batt_Scan                                0x20000004   Data           1  stm32f10x_it.o(.data)
    muartWaitFlag                            0x20000005   Data           1  stm32f10x_it.o(.data)
    lock                                     0x20000006   Data           1  stm32f10x_it.o(.data)
    Init_Flag                                0x20000007   Data           1  stm32f10x_it.o(.data)
    Init_Time                                0x20000008   Data           1  stm32f10x_it.o(.data)
    loop                                     0x20000018   Data           1  led.o(.data)
    GYRO_OFFSET_RAW                          0x20000020   Data           6  mpu6050.o(.data)
    ACC_OFFSET_RAW                           0x20000026   Data           6  mpu6050.o(.data)
    MPU6050_ACC_RAW                          0x2000002c   Data           6  mpu6050.o(.data)
    MPU6050_GYRO_RAW                         0x20000032   Data           6  mpu6050.o(.data)
    SENSER_OFFSET_FLAG                       0x20000038   Data           1  mpu6050.o(.data)
    Butter_1HZ_Parameter_Acce                0x2000003c   Data          24  mpu6050.o(.data)
    AccbUpdate                               0x2000007c   Data           1  imu.o(.data)
    q0                                       0x20000080   Data           4  imu.o(.data)
    q1                                       0x20000084   Data           4  imu.o(.data)
    q2                                       0x20000088   Data           4  imu.o(.data)
    q3                                       0x2000008c   Data           4  imu.o(.data)
    exInt                                    0x20000090   Data           4  imu.o(.data)
    eyInt                                    0x20000094   Data           4  imu.o(.data)
    ezInt                                    0x20000098   Data           4  imu.o(.data)
    xQ_angle                                 0x200000a0   Data           8  kalman.o(.data)
    xQ_bias                                  0x200000a8   Data           8  kalman.o(.data)
    xR_measure                               0x200000b0   Data           8  kalman.o(.data)
    xangle                                   0x200000b8   Data           8  kalman.o(.data)
    xbias                                    0x200000c0   Data           8  kalman.o(.data)
    xrate                                    0x200000c8   Data           8  kalman.o(.data)
    xy                                       0x200000d0   Data           8  kalman.o(.data)
    xS                                       0x200000d8   Data           8  kalman.o(.data)
    yQ_angle                                 0x200000e0   Data           8  kalman.o(.data)
    yQ_bias                                  0x200000e8   Data           8  kalman.o(.data)
    yR_measure                               0x200000f0   Data           8  kalman.o(.data)
    yangle                                   0x200000f8   Data           8  kalman.o(.data)
    ybias                                    0x20000100   Data           8  kalman.o(.data)
    yrate                                    0x20000108   Data           8  kalman.o(.data)
    yy                                       0x20000110   Data           8  kalman.o(.data)
    yS                                       0x20000118   Data           8  kalman.o(.data)
    zQ_angle                                 0x20000120   Data           8  kalman.o(.data)
    zQ_bias                                  0x20000128   Data           8  kalman.o(.data)
    zR_measure                               0x20000130   Data           8  kalman.o(.data)
    zangle                                   0x20000138   Data           8  kalman.o(.data)
    zbias                                    0x20000140   Data           8  kalman.o(.data)
    zrate                                    0x20000148   Data           8  kalman.o(.data)
    zy                                       0x20000150   Data           8  kalman.o(.data)
    zS                                       0x20000158   Data           8  kalman.o(.data)
    Pre_THROTTLE                             0x20000160   Data           4  control.o(.data)
    THROTTLE                                 0x20000164   Data           4  control.o(.data)
    Moto_PWM_1                               0x20000168   Data           4  control.o(.data)
    Moto_PWM_2                               0x2000016c   Data           4  control.o(.data)
    Moto_PWM_3                               0x20000170   Data           4  control.o(.data)
    Moto_PWM_4                               0x20000174   Data           4  control.o(.data)
    SI24R1_Controlflag                       0x20000178   Data           1  control.o(.data)
    Airplane_Enable                          0x20000179   Data           1  control.o(.data)
    RC_middle                                0x2000017a   Data           1  control.o(.data)
    RC_middle_num                            0x2000017b   Data           1  control.o(.data)
    RC_ROLL_mid                              0x2000017c   Data           4  control.o(.data)
    RC_PITCH_mid                             0x20000180   Data           4  control.o(.data)
    RC_YAW_mid                               0x20000184   Data           4  control.o(.data)
    __stdout                                 0x20000188   Data           4  usart.o(.data)
    TIM_ICUserValueStructure_1               0x2000018c   Data           8  rc.o(.data)
    TIM_ICUserValueStructure_2               0x20000194   Data           8  rc.o(.data)
    TIM_ICUserValueStructure_3               0x2000019c   Data           8  rc.o(.data)
    TIM_ICUserValueStructure_4               0x200001a4   Data           8  rc.o(.data)
    TIM_ICUserValueStructure_5               0x200001ac   Data           8  rc.o(.data)
    SystemCoreClock                          0x200001c8   Data           4  system_stm32f10x.o(.data)
    AHBPrescTable                            0x200001cc   Data          16  system_stm32f10x.o(.data)
    Butter_Buffer_Correct                    0x200001f0   Data          72  mpu6050.o(.bss)
    Butter_80HZ_Parameter_Acce               0x20000238   Data          24  filter.o(.bss)
    Butter_60HZ_Parameter_Acce               0x20000250   Data          24  filter.o(.bss)
    Butter_51HZ_Parameter_Acce               0x20000268   Data          24  filter.o(.bss)
    Butter_30HZ_Parameter_Acce               0x20000280   Data          24  filter.o(.bss)
    Butter_20HZ_Parameter_Acce               0x20000298   Data          24  filter.o(.bss)
    Butter_15HZ_Parameter_Acce               0x200002b0   Data          24  filter.o(.bss)
    Butter_10HZ_Parameter_Acce               0x200002c8   Data          24  filter.o(.bss)
    Butter_5HZ_Parameter_Acce                0x200002e0   Data          24  filter.o(.bss)
    Butter_2HZ_Parameter_Acce                0x200002f8   Data          24  filter.o(.bss)
    Att_Angle                                0x20000900   Data          12  imu.o(.bss)
    Gyr_rad                                  0x2000090c   Data          12  imu.o(.bss)
    Gyr_radold                               0x20000918   Data          12  imu.o(.bss)
    Acc_filt                                 0x20000924   Data          12  imu.o(.bss)
    Gry_filt                                 0x20000930   Data          12  imu.o(.bss)
    Acc_filtold                              0x2000093c   Data          12  imu.o(.bss)
    accb                                     0x20000948   Data          12  imu.o(.bss)
    DCMgb                                    0x20000954   Data          36  imu.o(.bss)
    xP                                       0x20000978   Data          32  kalman.o(.bss)
    xK                                       0x20000998   Data          16  kalman.o(.bss)
    yP                                       0x200009a8   Data          32  kalman.o(.bss)
    yK                                       0x200009c8   Data          16  kalman.o(.bss)
    zP                                       0x200009d8   Data          32  kalman.o(.bss)
    zK                                       0x200009f8   Data          16  kalman.o(.bss)
    PID_ROL_Angle                            0x20000a08   Data          60  control.o(.bss)
    PID_PIT_Angle                            0x20000a44   Data          60  control.o(.bss)
    PID_YAW_Angle                            0x20000a80   Data          60  control.o(.bss)
    PID_ROL_Rate                             0x20000abc   Data          60  control.o(.bss)
    PID_PIT_Rate                             0x20000af8   Data          60  control.o(.bss)
    PID_YAW_Rate                             0x20000b34   Data          60  control.o(.bss)
    RC_Control                               0x20000b70   Data          10  rc.o(.bss)
    __initial_sp                             0x20000f80   Data           0  startup_stm32f10x_md.o(STACK)



==============================================================================

Memory Map of the image

  Image Entry point : 0x080000ed

  Load Region LR_IROM1 (Base: 0x08000000, Size: 0x00005b50, Max: 0x00010000, ABSOLUTE, COMPRESSED[0x000059b8])

    Execution Region ER_IROM1 (Exec base: 0x08000000, Load base: 0x08000000, Size: 0x00005970, Max: 0x00010000, ABSOLUTE)

    Exec Addr    Load Addr    Size         Type   Attr      Idx    E Section Name        Object

    0x08000000   0x08000000   0x000000ec   Data   RO         3041    RESET               startup_stm32f10x_md.o
    0x080000ec   0x080000ec   0x00000000   Code   RO         3126  * .ARM.Collect$$$$00000000  mc_w.l(entry.o)
    0x080000ec   0x080000ec   0x00000004   Code   RO         3478    .ARM.Collect$$$$00000001  mc_w.l(entry2.o)
    0x080000f0   0x080000f0   0x00000004   Code   RO         3481    .ARM.Collect$$$$00000004  mc_w.l(entry5.o)
    0x080000f4   0x080000f4   0x00000000   Code   RO         3483    .ARM.Collect$$$$00000008  mc_w.l(entry7b.o)
    0x080000f4   0x080000f4   0x00000000   Code   RO         3485    .ARM.Collect$$$$0000000A  mc_w.l(entry8b.o)
    0x080000f4   0x080000f4   0x00000008   Code   RO         3486    .ARM.Collect$$$$0000000B  mc_w.l(entry9a.o)
    0x080000fc   0x080000fc   0x00000000   Code   RO         3488    .ARM.Collect$$$$0000000D  mc_w.l(entry10a.o)
    0x080000fc   0x080000fc   0x00000000   Code   RO         3490    .ARM.Collect$$$$0000000F  mc_w.l(entry11a.o)
    0x080000fc   0x080000fc   0x00000004   Code   RO         3479    .ARM.Collect$$$$00002712  mc_w.l(entry2.o)
    0x08000100   0x08000100   0x00000024   Code   RO         3042    .text               startup_stm32f10x_md.o
    0x08000124   0x08000124   0x00000024   Code   RO         3129    .text               mc_w.l(memcpya.o)
    0x08000148   0x08000148   0x000000b0   Code   RO         3394    .text               mf_w.l(fadd.o)
    0x080001f8   0x080001f8   0x00000064   Code   RO         3396    .text               mf_w.l(fmul.o)
    0x0800025c   0x0800025c   0x0000007c   Code   RO         3398    .text               mf_w.l(fdiv.o)
    0x080002d8   0x080002d8   0x0000014e   Code   RO         3400    .text               mf_w.l(dadd.o)
    0x08000426   0x08000426   0x000000e4   Code   RO         3402    .text               mf_w.l(dmul.o)
    0x0800050a   0x0800050a   0x000000de   Code   RO         3404    .text               mf_w.l(ddiv.o)
    0x080005e8   0x080005e8   0x00000012   Code   RO         3406    .text               mf_w.l(fflti.o)
    0x080005fa   0x080005fa   0x0000000a   Code   RO         3408    .text               mf_w.l(ffltui.o)
    0x08000604   0x08000604   0x00000032   Code   RO         3410    .text               mf_w.l(ffixi.o)
    0x08000636   0x08000636   0x00000026   Code   RO         3412    .text               mf_w.l(f2d.o)
    0x0800065c   0x0800065c   0x00000030   Code   RO         3414    .text               mf_w.l(cdcmple.o)
    0x0800068c   0x0800068c   0x00000038   Code   RO         3416    .text               mf_w.l(d2f.o)
    0x080006c4   0x080006c4   0x00000014   Code   RO         3418    .text               mf_w.l(cfcmple.o)
    0x080006d8   0x080006d8   0x00000014   Code   RO         3420    .text               mf_w.l(cfrcmple.o)
    0x080006ec   0x080006ec   0x0000002c   Code   RO         3492    .text               mc_w.l(uidiv.o)
    0x08000718   0x08000718   0x00000062   Code   RO         3494    .text               mc_w.l(uldiv.o)
    0x0800077a   0x0800077a   0x0000001e   Code   RO         3496    .text               mc_w.l(llshl.o)
    0x08000798   0x08000798   0x00000024   Code   RO         3498    .text               mc_w.l(llsshr.o)
    0x080007bc   0x080007bc   0x00000000   Code   RO         3507    .text               mc_w.l(iusefp.o)
    0x080007bc   0x080007bc   0x0000006e   Code   RO         3508    .text               mf_w.l(fepilogue.o)
    0x0800082a   0x0800082a   0x0000003c   Code   RO         3510    .text               mf_w.l(frnd.o)
    0x08000866   0x08000866   0x000000ba   Code   RO         3512    .text               mf_w.l(depilogue.o)
    0x08000920   0x08000920   0x0000002e   Code   RO         3514    .text               mf_w.l(dscalb.o)
    0x0800094e   0x0800094e   0x00000030   Code   RO         3516    .text               mf_w.l(dfixul.o)
    0x0800097e   0x0800097e   0x00000002   PAD
    0x08000980   0x08000980   0x00000030   Code   RO         3518    .text               mf_w.l(cdrcmple.o)
    0x080009b0   0x080009b0   0x00000024   Code   RO         3520    .text               mc_w.l(init.o)
    0x080009d4   0x080009d4   0x00000020   Code   RO         3522    .text               mc_w.l(llushr.o)
    0x080009f4   0x080009f4   0x00000018   Code   RO         3524    .text               mf_w.l(fscalb.o)
    0x08000a0c   0x08000a0c   0x000000a2   Code   RO         3526    .text               mf_w.l(dsqrt.o)
    0x08000aae   0x08000aae   0x00000056   Code   RO         3536    .text               mc_w.l(__dczerorl2.o)
    0x08000b04   0x08000b04   0x00000050   Code   RO          425    i.Acce_Correct_Filter  mpu6050.o
    0x08000b54   0x08000b54   0x000000a8   Code   RO          785    i.Butterworth_Parameter_Init  filter.o
    0x08000bfc   0x08000bfc   0x00000368   Code   RO         1025    i.Control           control.o
    0x08000f64   0x08000f64   0x00000044   Code   RO          306    i.Delay_Init        delay.o
    0x08000fa8   0x08000fa8   0x00000048   Code   RO          307    i.Delay_ms          delay.o
    0x08000ff0   0x08000ff0   0x00000048   Code   RO          308    i.Delay_us          delay.o
    0x08001038   0x08001038   0x00000028   Code   RO         1109    i.GENERAL_TIM_GPIO_Config  rc.o
    0x08001060   0x08001060   0x0000000c   Code   RO         1110    i.GENERAL_TIM_Init  rc.o
    0x0800106c   0x0800106c   0x00000154   Code   RO         1111    i.GENERAL_TIM_Mode_Config  rc.o
    0x080011c0   0x080011c0   0x00000116   Code   RO         1802    i.GPIO_Init         stm32f10x_gpio.o
    0x080012d6   0x080012d6   0x00000004   Code   RO         1809    i.GPIO_ResetBits    stm32f10x_gpio.o
    0x080012da   0x080012da   0x00000004   Code   RO         1810    i.GPIO_SetBits      stm32f10x_gpio.o
    0x080012de   0x080012de   0x00000002   PAD
    0x080012e0   0x080012e0   0x00000034   Code   RO         1160    i.IIC_Ack           iic.o
    0x08001314   0x08001314   0x00000034   Code   RO         1161    i.IIC_GPIO_Init     iic.o
    0x08001348   0x08001348   0x00000034   Code   RO         1162    i.IIC_NAck          iic.o
    0x0800137c   0x0800137c   0x00000058   Code   RO         1163    i.IIC_ReadByte      iic.o
    0x080013d4   0x080013d4   0x0000004a   Code   RO         1164    i.IIC_ReadByteFromSlave  iic.o
    0x0800141e   0x0800141e   0x00000072   Code   RO         1165    i.IIC_ReadMultByteFromSlave  iic.o
    0x08001490   0x08001490   0x0000005c   Code   RO         1166    i.IIC_SendByte      iic.o
    0x080014ec   0x080014ec   0x00000034   Code   RO         1167    i.IIC_Start         iic.o
    0x08001520   0x08001520   0x00000030   Code   RO         1168    i.IIC_Stop          iic.o
    0x08001550   0x08001550   0x00000050   Code   RO         1169    i.IIC_WaitAck       iic.o
    0x080015a0   0x080015a0   0x00000046   Code   RO         1170    i.IIC_WriteByteToSlave  iic.o
    0x080015e6   0x080015e6   0x00000002   PAD
    0x080015e8   0x080015e8   0x000006e8   Code   RO          896    i.IMUupdate         imu.o
    0x08001cd0   0x08001cd0   0x0000007c   Code   RO          230    i.LED_Init          led.o
    0x08001d4c   0x08001d4c   0x00000090   Code   RO          787    i.LPButterworth     filter.o
    0x08001ddc   0x08001ddc   0x00000118   Code   RO          392    i.MOTOR_Init        motor.o
    0x08001ef4   0x08001ef4   0x00000030   Code   RO          430    i.MPU6050_Check     mpu6050.o
    0x08001f24   0x08001f24   0x0000004e   Code   RO          432    i.MPU6050_Init      mpu6050.o
    0x08001f72   0x08001f72   0x00000002   PAD
    0x08001f74   0x08001f74   0x000000c0   Code   RO          433    i.MPU6050_OffSet    mpu6050.o
    0x08002034   0x08002034   0x0000011c   Code   RO          434    i.MPU6050_Offset    mpu6050.o
    0x08002150   0x08002150   0x00000014   Code   RO          435    i.MPU6050_Read      mpu6050.o
    0x08002164   0x08002164   0x0000001a   Code   RO          436    i.MPU6050_ReadByte  mpu6050.o
    0x0800217e   0x0800217e   0x0000001e   Code   RO          437    i.MPU6050_ReadMultBytes  mpu6050.o
    0x0800219c   0x0800219c   0x0000001a   Code   RO          439    i.MPU6050_WriteByte  mpu6050.o
    0x080021b6   0x080021b6   0x00000010   Code   RO          441    i.MPU6050_getDeviceID  mpu6050.o
    0x080021c6   0x080021c6   0x00000012   Code   RO          442    i.MPU6050_testConnection  mpu6050.o
    0x080021d8   0x080021d8   0x00000068   Code   RO          393    i.Moto_Pwm          motor.o
    0x08002240   0x08002240   0x00000070   Code   RO         1262    i.NVIC_Init         misc.o
    0x080022b0   0x080022b0   0x00000014   Code   RO         1263    i.NVIC_PriorityGroupConfig  misc.o
    0x080022c4   0x080022c4   0x000000b4   Code   RO          368    i.NvicConfig        nvic.o
    0x08002378   0x08002378   0x000000ec   Code   RO          992    i.PID_Postion_Cal   pid.o
    0x08002464   0x08002464   0x000000ec   Code   RO          993    i.PidParameter_init  pid.o
    0x08002550   0x08002550   0x00000188   Code   RO          897    i.Prepare_Data      imu.o
    0x080026d8   0x080026d8   0x00000020   Code   RO         1924    i.RCC_APB1PeriphClockCmd  stm32f10x_rcc.o
    0x080026f8   0x080026f8   0x00000020   Code   RO         1926    i.RCC_APB2PeriphClockCmd  stm32f10x_rcc.o
    0x08002718   0x08002718   0x000000d4   Code   RO         1934    i.RCC_GetClocksFreq  stm32f10x_rcc.o
    0x080027ec   0x080027ec   0x000000a8   Code   RO         1112    i.Remote_Data_ReceiveAnalysis  rc.o
    0x08002894   0x08002894   0x00000024   Code   RO         1172    i.SDA_IN            iic.o
    0x080028b8   0x080028b8   0x0000002c   Code   RO         1173    i.SDA_OUT           iic.o
    0x080028e4   0x080028e4   0x00000008   Code   RO         3049    i.SetSysClock       system_stm32f10x.o
    0x080028ec   0x080028ec   0x000000e0   Code   RO         3050    i.SetSysClockTo72   system_stm32f10x.o
    0x080029cc   0x080029cc   0x00000100   Code   RO          790    i.Set_Cutoff_Frequency  filter.o
    0x08002acc   0x08002acc   0x00000028   Code   RO         1266    i.SysTick_CLKSourceConfig  misc.o
    0x08002af4   0x08002af4   0x00000060   Code   RO         3052    i.SystemInit        system_stm32f10x.o
    0x08002b54   0x08002b54   0x00000040   Code   RO          562    i.System_Init       system.o
    0x08002b94   0x08002b94   0x00000080   Code   RO         2290    i.TI1_Config        stm32f10x_tim.o
    0x08002c14   0x08002c14   0x00000098   Code   RO         2291    i.TI2_Config        stm32f10x_tim.o
    0x08002cac   0x08002cac   0x00000090   Code   RO         2292    i.TI3_Config        stm32f10x_tim.o
    0x08002d3c   0x08002d3c   0x00000098   Code   RO         2293    i.TI4_Config        stm32f10x_tim.o
    0x08002dd4   0x08002dd4   0x00000094   Code   RO          168    i.TIM1_CC_IRQHandler  stm32f10x_it.o
    0x08002e68   0x08002e68   0x0000017c   Code   RO          169    i.TIM2_IRQHandler   stm32f10x_it.o
    0x08002fe4   0x08002fe4   0x00000180   Code   RO          170    i.TIM4_IRQHandler   stm32f10x_it.o
    0x08003164   0x08003164   0x00000006   Code   RO         2300    i.TIM_ClearFlag     stm32f10x_tim.o
    0x0800316a   0x0800316a   0x00000006   Code   RO         2301    i.TIM_ClearITPendingBit  stm32f10x_tim.o
    0x08003170   0x08003170   0x00000018   Code   RO         2306    i.TIM_Cmd           stm32f10x_tim.o
    0x08003188   0x08003188   0x00000006   Code   RO         2321    i.TIM_GetCapture1   stm32f10x_tim.o
    0x0800318e   0x0800318e   0x00000006   Code   RO         2322    i.TIM_GetCapture2   stm32f10x_tim.o
    0x08003194   0x08003194   0x00000006   Code   RO         2323    i.TIM_GetCapture3   stm32f10x_tim.o
    0x0800319a   0x0800319a   0x00000008   Code   RO         2324    i.TIM_GetCapture4   stm32f10x_tim.o
    0x080031a2   0x080031a2   0x00000022   Code   RO         2327    i.TIM_GetITStatus   stm32f10x_tim.o
    0x080031c4   0x080031c4   0x000000ac   Code   RO         2329    i.TIM_ICInit        stm32f10x_tim.o
    0x08003270   0x08003270   0x00000012   Code   RO         2331    i.TIM_ITConfig      stm32f10x_tim.o
    0x08003282   0x08003282   0x00000002   PAD
    0x08003284   0x08003284   0x00000044   Code   RO          344    i.TIM_Init          tim.o
    0x080032c8   0x080032c8   0x00000098   Code   RO         2335    i.TIM_OC1Init       stm32f10x_tim.o
    0x08003360   0x08003360   0x00000012   Code   RO         2337    i.TIM_OC1PolarityConfig  stm32f10x_tim.o
    0x08003372   0x08003372   0x00000012   Code   RO         2338    i.TIM_OC1PreloadConfig  stm32f10x_tim.o
    0x08003384   0x08003384   0x000000a4   Code   RO         2340    i.TIM_OC2Init       stm32f10x_tim.o
    0x08003428   0x08003428   0x0000001a   Code   RO         2342    i.TIM_OC2PolarityConfig  stm32f10x_tim.o
    0x08003442   0x08003442   0x0000001a   Code   RO         2343    i.TIM_OC2PreloadConfig  stm32f10x_tim.o
    0x0800345c   0x0800345c   0x000000a0   Code   RO         2345    i.TIM_OC3Init       stm32f10x_tim.o
    0x080034fc   0x080034fc   0x0000001a   Code   RO         2347    i.TIM_OC3PolarityConfig  stm32f10x_tim.o
    0x08003516   0x08003516   0x00000012   Code   RO         2348    i.TIM_OC3PreloadConfig  stm32f10x_tim.o
    0x08003528   0x08003528   0x0000007c   Code   RO         2350    i.TIM_OC4Init       stm32f10x_tim.o
    0x080035a4   0x080035a4   0x0000001a   Code   RO         2351    i.TIM_OC4PolarityConfig  stm32f10x_tim.o
    0x080035be   0x080035be   0x0000001a   Code   RO         2352    i.TIM_OC4PreloadConfig  stm32f10x_tim.o
    0x080035d8   0x080035d8   0x00000012   Code   RO         2372    i.TIM_SetIC1Prescaler  stm32f10x_tim.o
    0x080035ea   0x080035ea   0x0000001a   Code   RO         2373    i.TIM_SetIC2Prescaler  stm32f10x_tim.o
    0x08003604   0x08003604   0x00000012   Code   RO         2374    i.TIM_SetIC3Prescaler  stm32f10x_tim.o
    0x08003616   0x08003616   0x0000001a   Code   RO         2375    i.TIM_SetIC4Prescaler  stm32f10x_tim.o
    0x08003630   0x08003630   0x000000a4   Code   RO         2377    i.TIM_TimeBaseInit  stm32f10x_tim.o
    0x080036d4   0x080036d4   0x0000017c   Code   RO          563    i.Task_Schedule     system.o
    0x08003850   0x08003850   0x0000003c   Code   RO          171    i.USART1_IRQHandler  stm32f10x_it.o
    0x0800388c   0x0800388c   0x0000001e   Code   RO         2851    i.USART_ClearITPendingBit  stm32f10x_usart.o
    0x080038aa   0x080038aa   0x00000018   Code   RO         2854    i.USART_Cmd         stm32f10x_usart.o
    0x080038c2   0x080038c2   0x00000054   Code   RO         2858    i.USART_GetITStatus  stm32f10x_usart.o
    0x08003916   0x08003916   0x0000004a   Code   RO         2860    i.USART_ITConfig    stm32f10x_usart.o
    0x08003960   0x08003960   0x000000d8   Code   RO         2861    i.USART_Init        stm32f10x_usart.o
    0x08003a38   0x08003a38   0x00000094   Code   RO         1060    i.USART_init        usart.o
    0x08003acc   0x08003acc   0x00000020   Code   RO         3366    i.__0printf         mc_w.l(printfa.o)
    0x08003aec   0x08003aec   0x00000028   Code   RO         3446    i.__ARM_fpclassify  m_ws.l(fpclassify.o)
    0x08003b14   0x08003b14   0x00000026   Code   RO         3448    i.__ARM_fpclassifyf  m_ws.l(fpclassifyf.o)
    0x08003b3a   0x08003b3a   0x000000aa   Code   RO         3464    i.__kernel_poly     m_ws.l(poly.o)
    0x08003be4   0x08003be4   0x00000006   Code   RO         3433    i.__mathlib_dbl_infnan  m_ws.l(dunder.o)
    0x08003bea   0x08003bea   0x00000004   Code   RO         3434    i.__mathlib_dbl_infnan2  m_ws.l(dunder.o)
    0x08003bee   0x08003bee   0x0000000c   Code   RO         3435    i.__mathlib_dbl_invalid  m_ws.l(dunder.o)
    0x08003bfa   0x08003bfa   0x00000002   PAD
    0x08003bfc   0x08003bfc   0x00000010   Code   RO         3438    i.__mathlib_dbl_underflow  m_ws.l(dunder.o)
    0x08003c0c   0x08003c0c   0x00000006   Code   RO         3451    i.__mathlib_flt_infnan  m_ws.l(funder.o)
    0x08003c12   0x08003c12   0x00000008   Code   RO         3453    i.__mathlib_flt_invalid  m_ws.l(funder.o)
    0x08003c1a   0x08003c1a   0x0000000a   Code   RO         3456    i.__mathlib_flt_underflow  m_ws.l(funder.o)
    0x08003c24   0x08003c24   0x00000168   Code   RO         3467    i.__mathlib_rredf2  m_ws.l(rredf.o)
    0x08003d8c   0x08003d8c   0x0000000e   Code   RO         3530    i.__scatterload_copy  mc_w.l(handlers.o)
    0x08003d9a   0x08003d9a   0x00000002   Code   RO         3531    i.__scatterload_null  mc_w.l(handlers.o)
    0x08003d9c   0x08003d9c   0x0000000e   Code   RO         3532    i.__scatterload_zeroinit  mc_w.l(handlers.o)
    0x08003daa   0x08003daa   0x00000002   PAD
    0x08003dac   0x08003dac   0x0000000c   Code   RO         3502    i.__set_errno       mc_w.l(errno.o)
    0x08003db8   0x08003db8   0x00000184   Code   RO         3373    i._fp_digits        mc_w.l(printfa.o)
    0x08003f3c   0x08003f3c   0x000006dc   Code   RO         3374    i._printf_core      mc_w.l(printfa.o)
    0x08004618   0x08004618   0x00000024   Code   RO         3375    i._printf_post_padding  mc_w.l(printfa.o)
    0x0800463c   0x0800463c   0x0000002e   Code   RO         3376    i._printf_pre_padding  mc_w.l(printfa.o)
    0x0800466a   0x0800466a   0x00000002   PAD
    0x0800466c   0x0800466c   0x00000270   Code   RO         3093    i.asin              m_ws.l(asin.o)
    0x080048dc   0x080048dc   0x00000220   Code   RO         3423    i.atan              m_ws.l(atan.o)
    0x08004afc   0x08004afc   0x00000180   Code   RO         3103    i.atan2             m_ws.l(atan2.o)
    0x08004c7c   0x08004c7c   0x0000017c   Code   RO         3111    i.cosf              m_ws.l(cosf.o)
    0x08004df8   0x08004df8   0x0000001c   Code   RO         1062    i.fputc             usart.o
    0x08004e14   0x08004e14   0x0000004c   Code   RO          898    i.invSqrt           imu.o
    0x08004e60   0x08004e60   0x0000000c   Code   RO            4    i.main              main.o
    0x08004e6c   0x08004e6c   0x0000017c   Code   RO          795    i.sliding_average_filter  filter.o
    0x08004fe8   0x08004fe8   0x0000004c   Code   RO         3471    i.sqrt              m_ws.l(sqrt.o)
    0x08005034   0x08005034   0x00000174   Code   RO         3119    i.tanf              m_ws.l(tanf.o)
    0x080051a8   0x080051a8   0x0000006c   Code   RO          940    i.xInit_Kalman      kalman.o
    0x08005214   0x08005214   0x00000294   Code   RO          941    i.xgetAngle         kalman.o
    0x080054a8   0x080054a8   0x00000070   Code   RO          942    i.yInit_Kalman      kalman.o
    0x08005518   0x08005518   0x00000294   Code   RO          943    i.ygetAngle         kalman.o
    0x080057ac   0x080057ac   0x00000070   Code   RO          944    i.zInit_Kalman      kalman.o
    0x0800581c   0x0800581c   0x00000024   Data   RO          900    .constdata          imu.o
    0x08005840   0x08005840   0x00000050   Data   RO         3094    .constdata          m_ws.l(asin.o)
    0x08005890   0x08005890   0x00000098   Data   RO         3424    .constdata          m_ws.l(atan.o)
    0x08005928   0x08005928   0x00000008   Data   RO         3466    .constdata          m_ws.l(qnan.o)
    0x08005930   0x08005930   0x00000020   Data   RO         3468    .constdata          m_ws.l(rredf.o)
    0x08005950   0x08005950   0x00000020   Data   RO         3528    Region$$Table       anon$$obj.o


    Execution Region RW_IRAM1 (Exec base: 0x20000000, Load base: 0x08005970, Size: 0x00000f80, Max: 0x00005000, ABSOLUTE, COMPRESSED[0x00000048])

    Exec Addr    Load Addr    Size         Type   Attr      Idx    E Section Name        Object

    0x20000000   COMPRESSED   0x00000018   Data   RW          172    .data               stm32f10x_it.o
    0x20000018   COMPRESSED   0x00000001   Data   RW          231    .data               led.o
    0x20000019   COMPRESSED   0x00000001   PAD
    0x2000001a   COMPRESSED   0x00000004   Data   RW          309    .data               delay.o
    0x2000001e   COMPRESSED   0x00000002   PAD
    0x20000020   COMPRESSED   0x00000042   Data   RW          444    .data               mpu6050.o
    0x20000062   COMPRESSED   0x00000002   PAD
    0x20000064   COMPRESSED   0x00000018   Data   RW          797    .data               filter.o
    0x2000007c   COMPRESSED   0x00000021   Data   RW          901    .data               imu.o
    0x2000009d   COMPRESSED   0x00000003   PAD
    0x200000a0   COMPRESSED   0x000000c0   Data   RW          947    .data               kalman.o
    0x20000160   COMPRESSED   0x00000028   Data   RW         1027    .data               control.o
    0x20000188   COMPRESSED   0x00000004   Data   RW         1064    .data               usart.o
    0x2000018c   COMPRESSED   0x00000028   Data   RW         1114    .data               rc.o
    0x200001b4   COMPRESSED   0x00000014   Data   RW         1954    .data               stm32f10x_rcc.o
    0x200001c8   COMPRESSED   0x00000014   Data   RW         3053    .data               system_stm32f10x.o
    0x200001dc   COMPRESSED   0x00000004   Data   RW         3503    .data               mc_w.l(errno.o)
    0x200001e0        -       0x00000058   Zero   RW          443    .bss                mpu6050.o
    0x20000238        -       0x000006c8   Zero   RW          796    .bss                filter.o
    0x20000900        -       0x00000078   Zero   RW          899    .bss                imu.o
    0x20000978        -       0x00000090   Zero   RW          946    .bss                kalman.o
    0x20000a08        -       0x00000168   Zero   RW         1026    .bss                control.o
    0x20000b70        -       0x0000000a   Zero   RW         1113    .bss                rc.o
    0x20000b7a   COMPRESSED   0x00000006   PAD
    0x20000b80        -       0x00000400   Zero   RW         3039    STACK               startup_stm32f10x_md.o


==============================================================================

Image component sizes


      Code (inc. data)   RO Data    RW Data    ZI Data      Debug   Object Name

       872         80          0         40        360       6182   control.o
       212         30          0          4          0       1747   delay.o
       948        102          0         24       1736      10874   filter.o
       854         52          0          0          0       7810   iic.o
      2236        156         36         33        120       8450   imu.o
      1652        224          0        192        144       4176   kalman.o
       124          8          0          1          0        758   led.o
        12          0          0          0          0     257640   main.o
       172         22          0          0          0       2405   misc.o
       384         16          0          0          0       1444   motor.o
       818         86          0         66         88      11435   mpu6050.o
       180          0          0          0          0        597   nvic.o
       472         72          0          0          0       1578   pid.o
       560         30          0         40         10       9415   rc.o
        36          8        236          0       1024        836   startup_stm32f10x_md.o
       286          0          0          0          0       3384   stm32f10x_gpio.o
       972        110          0         24          0       3040   stm32f10x_it.o
       276         32          0         20          0       4790   stm32f10x_rcc.o
      1898        200          0          0          0      22119   stm32f10x_tim.o
       428          6          0          0          0       5572   stm32f10x_usart.o
       444         44          0          0          0       1150   system.o
       328         28          0         20          0       2461   system_stm32f10x.o
        68          6          0          0          0        507   tim.o
       176         14          0          4          0       2955   usart.o

    ----------------------------------------------------------------------
     14416       1326        304        476       3488     371325   Object Totals
         0          0         32          0          0          0   (incl. Generated)
         8          0          0          8          6          0   (incl. Padding)

    ----------------------------------------------------------------------

      Code (inc. data)   RO Data    RW Data    ZI Data      Debug   Library Member Name

       624         52         80          0          0        168   asin.o
       544         70        152          0          0        124   atan.o
       384         38          0          0          0        144   atan2.o
       380         52          0          0          0        124   cosf.o
        38          6          0          0          0        272   dunder.o
        40          0          0          0          0         68   fpclassify.o
        38          0          0          0          0         68   fpclassifyf.o
        24          0          0          0          0        204   funder.o
       170          0          0          0          0         96   poly.o
         0          0          8          0          0          0   qnan.o
       360         16         32          0          0         88   rredf.o
        76          0          0          0          0         84   sqrt.o
       372         58          0          0          0        124   tanf.o
        86          0          0          0          0          0   __dczerorl2.o
         0          0          0          0          0          0   entry.o
         0          0          0          0          0          0   entry10a.o
         0          0          0          0          0          0   entry11a.o
         8          4          0          0          0          0   entry2.o
         4          0          0          0          0          0   entry5.o
         0          0          0          0          0          0   entry7b.o
         0          0          0          0          0          0   entry8b.o
         8          4          0          0          0          0   entry9a.o
        12          6          0          4          0         68   errno.o
        30          0          0          0          0          0   handlers.o
        36          8          0          0          0         68   init.o
         0          0          0          0          0          0   iusefp.o
        30          0          0          0          0         68   llshl.o
        36          0          0          0          0         68   llsshr.o
        32          0          0          0          0         68   llushr.o
        36          0          0          0          0         68   memcpya.o
      2258         90          0          0          0        452   printfa.o
        44          0          0          0          0         80   uidiv.o
        98          0          0          0          0         92   uldiv.o
        48          0          0          0          0         68   cdcmple.o
        48          0          0          0          0         68   cdrcmple.o
        20          0          0          0          0         68   cfcmple.o
        20          0          0          0          0         68   cfrcmple.o
        56          0          0          0          0         88   d2f.o
       334          0          0          0          0        148   dadd.o
       222          0          0          0          0        100   ddiv.o
       186          0          0          0          0        176   depilogue.o
        48          0          0          0          0         68   dfixul.o
       228          0          0          0          0         96   dmul.o
        46          0          0          0          0         80   dscalb.o
       162          0          0          0          0        100   dsqrt.o
        38          0          0          0          0         68   f2d.o
       176          0          0          0          0        140   fadd.o
       124          0          0          0          0         88   fdiv.o
       110          0          0          0          0        168   fepilogue.o
        50          0          0          0          0         68   ffixi.o
        18          0          0          0          0         68   fflti.o
        10          0          0          0          0         68   ffltui.o
       100          0          0          0          0         76   fmul.o
        60          0          0          0          0         76   frnd.o
        24          0          0          0          0         68   fscalb.o

    ----------------------------------------------------------------------
      7904        404        272          4          0       4612   Library Totals
         8          0          0          0          0          0   (incl. Padding)

    ----------------------------------------------------------------------

      Code (inc. data)   RO Data    RW Data    ZI Data      Debug   Library Name

      3050        292        272          0          0       1564   m_ws.l
      2718        112          0          4          0       1032   mc_w.l
      2128          0          0          0          0       2016   mf_w.l

    ----------------------------------------------------------------------
      7904        404        272          4          0       4612   Library Totals

    ----------------------------------------------------------------------

==============================================================================


      Code (inc. data)   RO Data    RW Data    ZI Data      Debug   

     22320       1730        576        480       3488     368109   Grand Totals
     22320       1730        576         72       3488     368109   ELF Image Totals (compressed)
     22320       1730        576         72          0          0   ROM Totals

==============================================================================

    Total RO  Size (Code + RO Data)                22896 (  22.36kB)
    Total RW  Size (RW Data + ZI Data)              3968 (   3.88kB)
    Total ROM Size (Code + RO Data + RW Data)      22968 (  22.43kB)

==============================================================================

